Archive member included to satisfy reference by file (symbol)

c:/program files (x86)/gnu tools arm embedded/7 2017-q4-major/bin/../lib/gcc/arm-none-eabi/7.2.1/../../../../arm-none-eabi/lib/thumb/v7-m\libc_nano.a(lib_a-assert.o)
                              build/MyMath.o (__assert_func)
c:/program files (x86)/gnu tools arm embedded/7 2017-q4-major/bin/../lib/gcc/arm-none-eabi/7.2.1/../../../../arm-none-eabi/lib/thumb/v7-m\libc_nano.a(lib_a-calloc.o)
                              build/MyMath.o (calloc)
c:/program files (x86)/gnu tools arm embedded/7 2017-q4-major/bin/../lib/gcc/arm-none-eabi/7.2.1/../../../../arm-none-eabi/lib/thumb/v7-m\libc_nano.a(lib_a-exit.o)
                              c:/program files (x86)/gnu tools arm embedded/7 2017-q4-major/bin/../lib/gcc/arm-none-eabi/7.2.1/../../../../arm-none-eabi/lib/thumb/v7-m/crt0.o (exit)
c:/program files (x86)/gnu tools arm embedded/7 2017-q4-major/bin/../lib/gcc/arm-none-eabi/7.2.1/../../../../arm-none-eabi/lib/thumb/v7-m\libc_nano.a(lib_a-fprintf.o)
                              c:/program files (x86)/gnu tools arm embedded/7 2017-q4-major/bin/../lib/gcc/arm-none-eabi/7.2.1/../../../../arm-none-eabi/lib/thumb/v7-m\libc_nano.a(lib_a-assert.o) (fiprintf)
c:/program files (x86)/gnu tools arm embedded/7 2017-q4-major/bin/../lib/gcc/arm-none-eabi/7.2.1/../../../../arm-none-eabi/lib/thumb/v7-m\libc_nano.a(lib_a-impure.o)
                              c:/program files (x86)/gnu tools arm embedded/7 2017-q4-major/bin/../lib/gcc/arm-none-eabi/7.2.1/../../../../arm-none-eabi/lib/thumb/v7-m\libc_nano.a(lib_a-exit.o) (_global_impure_ptr)
c:/program files (x86)/gnu tools arm embedded/7 2017-q4-major/bin/../lib/gcc/arm-none-eabi/7.2.1/../../../../arm-none-eabi/lib/thumb/v7-m\libc_nano.a(lib_a-init.o)
                              c:/program files (x86)/gnu tools arm embedded/7 2017-q4-major/bin/../lib/gcc/arm-none-eabi/7.2.1/../../../../arm-none-eabi/lib/thumb/v7-m/crt0.o (__libc_init_array)
c:/program files (x86)/gnu tools arm embedded/7 2017-q4-major/bin/../lib/gcc/arm-none-eabi/7.2.1/../../../../arm-none-eabi/lib/thumb/v7-m\libc_nano.a(lib_a-malloc.o)
                              build/MyMath.o (malloc)
c:/program files (x86)/gnu tools arm embedded/7 2017-q4-major/bin/../lib/gcc/arm-none-eabi/7.2.1/../../../../arm-none-eabi/lib/thumb/v7-m\libc_nano.a(lib_a-memset.o)
                              c:/program files (x86)/gnu tools arm embedded/7 2017-q4-major/bin/../lib/gcc/arm-none-eabi/7.2.1/../../../../arm-none-eabi/lib/thumb/v7-m/crt0.o (memset)
c:/program files (x86)/gnu tools arm embedded/7 2017-q4-major/bin/../lib/gcc/arm-none-eabi/7.2.1/../../../../arm-none-eabi/lib/thumb/v7-m\libc_nano.a(lib_a-nano-callocr.o)
                              c:/program files (x86)/gnu tools arm embedded/7 2017-q4-major/bin/../lib/gcc/arm-none-eabi/7.2.1/../../../../arm-none-eabi/lib/thumb/v7-m\libc_nano.a(lib_a-calloc.o) (_calloc_r)
c:/program files (x86)/gnu tools arm embedded/7 2017-q4-major/bin/../lib/gcc/arm-none-eabi/7.2.1/../../../../arm-none-eabi/lib/thumb/v7-m\libc_nano.a(lib_a-nano-freer.o)
                              c:/program files (x86)/gnu tools arm embedded/7 2017-q4-major/bin/../lib/gcc/arm-none-eabi/7.2.1/../../../../arm-none-eabi/lib/thumb/v7-m\libc_nano.a(lib_a-malloc.o) (_free_r)
c:/program files (x86)/gnu tools arm embedded/7 2017-q4-major/bin/../lib/gcc/arm-none-eabi/7.2.1/../../../../arm-none-eabi/lib/thumb/v7-m\libc_nano.a(lib_a-nano-mallocr.o)
                              c:/program files (x86)/gnu tools arm embedded/7 2017-q4-major/bin/../lib/gcc/arm-none-eabi/7.2.1/../../../../arm-none-eabi/lib/thumb/v7-m\libc_nano.a(lib_a-malloc.o) (_malloc_r)
c:/program files (x86)/gnu tools arm embedded/7 2017-q4-major/bin/../lib/gcc/arm-none-eabi/7.2.1/../../../../arm-none-eabi/lib/thumb/v7-m\libc_nano.a(lib_a-nano-vfprintf.o)
                              c:/program files (x86)/gnu tools arm embedded/7 2017-q4-major/bin/../lib/gcc/arm-none-eabi/7.2.1/../../../../arm-none-eabi/lib/thumb/v7-m\libc_nano.a(lib_a-fprintf.o) (_vfprintf_r)
c:/program files (x86)/gnu tools arm embedded/7 2017-q4-major/bin/../lib/gcc/arm-none-eabi/7.2.1/../../../../arm-none-eabi/lib/thumb/v7-m\libc_nano.a(lib_a-nano-vfprintf_i.o)
                              c:/program files (x86)/gnu tools arm embedded/7 2017-q4-major/bin/../lib/gcc/arm-none-eabi/7.2.1/../../../../arm-none-eabi/lib/thumb/v7-m\libc_nano.a(lib_a-nano-vfprintf.o) (_printf_i)
c:/program files (x86)/gnu tools arm embedded/7 2017-q4-major/bin/../lib/gcc/arm-none-eabi/7.2.1/../../../../arm-none-eabi/lib/thumb/v7-m\libc_nano.a(lib_a-sbrkr.o)
                              c:/program files (x86)/gnu tools arm embedded/7 2017-q4-major/bin/../lib/gcc/arm-none-eabi/7.2.1/../../../../arm-none-eabi/lib/thumb/v7-m\libc_nano.a(lib_a-nano-mallocr.o) (_sbrk_r)
[...]
Memory Configuration

Name             Origin             Length             Attributes
RAM              0x20000000         0x00005000         xrw
FLASH            0x08000000         0x00010000         xr
*default*        0x00000000         0xffffffff

Linker script and memory map

LOAD c:/program files (x86)/gnu tools arm embedded/7 2017-q4-major/bin/../lib/gcc/arm-none-eabi/7.2.1/thumb/v7-m/crti.o
LOAD c:/program files (x86)/gnu tools arm embedded/7 2017-q4-major/bin/../lib/gcc/arm-none-eabi/7.2.1/thumb/v7-m/crtbegin.o
LOAD c:/program files (x86)/gnu tools arm embedded/7 2017-q4-major/bin/../lib/gcc/arm-none-eabi/7.2.1/../../../../arm-none-eabi/lib/thumb/v7-m/crt0.o
LOAD build/stm32f1xx_hal_gpio_ex.o
LOAD build/stm32f1xx_hal_tim.o
LOAD build/stm32f1xx_hal_spi_ex.o
LOAD build/main.o
LOAD build/MyMath.o
LOAD build/MyOLED.o
LOAD build/stm32f1xx_hal_msp.o
LOAD build/stm32f1xx_hal_cortex.o
LOAD build/stm32f1xx_hal_tim_ex.o
LOAD build/stm32f1xx_hal_pwr.o
LOAD build/stm32f1xx_hal_gpio.o
LOAD build/stm32f1xx_hal.o
LOAD build/stm32f1xx_hal_flash.o
LOAD build/stm32f1xx_hal_flash_ex.o
LOAD build/system_stm32f1xx.o
LOAD build/stm32f1xx_it.o
LOAD build/stm32f1xx_hal_spi.o
LOAD build/stm32f1xx_hal_rcc_ex.o
LOAD build/stm32f1xx_hal_dma.o
LOAD build/stm32f1xx_hal_rcc.o
LOAD build/startup_stm32f103xb.o
LOAD c:/program files (x86)/gnu tools arm embedded/7 2017-q4-major/bin/../lib/gcc/arm-none-eabi/7.2.1/../../../../arm-none-eabi/lib/thumb/v7-m\libc_nano.a
LOAD c:/program files (x86)/gnu tools arm embedded/7 2017-q4-major/bin/../lib/gcc/arm-none-eabi/7.2.1/../../../../arm-none-eabi/lib/thumb/v7-m\libm.a
LOAD c:/program files (x86)/gnu tools arm embedded/7 2017-q4-major/bin/../lib/gcc/arm-none-eabi/7.2.1/../../../../arm-none-eabi/lib/thumb/v7-m\libnosys.a
START GROUP
LOAD c:/program files (x86)/gnu tools arm embedded/7 2017-q4-major/bin/../lib/gcc/arm-none-eabi/7.2.1/thumb/v7-m\libgcc.a
LOAD c:/program files (x86)/gnu tools arm embedded/7 2017-q4-major/bin/../lib/gcc/arm-none-eabi/7.2.1/../../../../arm-none-eabi/lib/thumb/v7-m\libc_nano.a
END GROUP
START GROUP
LOAD c:/program files (x86)/gnu tools arm embedded/7 2017-q4-major/bin/../lib/gcc/arm-none-eabi/7.2.1/thumb/v7-m\libgcc.a
LOAD c:/program files (x86)/gnu tools arm embedded/7 2017-q4-major/bin/../lib/gcc/arm-none-eabi/7.2.1/../../../../arm-none-eabi/lib/thumb/v7-m\libc_nano.a
END GROUP
LOAD c:/program files (x86)/gnu tools arm embedded/7 2017-q4-major/bin/../lib/gcc/arm-none-eabi/7.2.1/thumb/v7-m/crtend.o
LOAD c:/program files (x86)/gnu tools arm embedded/7 2017-q4-major/bin/../lib/gcc/arm-none-eabi/7.2.1/thumb/v7-m/crtn.o
                0x20005000                _estack = 0x20005000
                0x00000200                _Min_Heap_Size = 0x200
                0x00000400                _Min_Stack_Size = 0x400

.isr_vector     0x08000000      0x10c
                0x08000000                . = ALIGN (0x4)
 *(.isr_vector)
 .isr_vector    0x08000000      0x10c build/startup_stm32f103xb.o
                0x08000000                g_pfnVectors
                0x0800010c                . = ALIGN (0x4)

.text           0x08000110     0x67d0
                0x08000110                . = ALIGN (0x4)
 *(.text)
 .text          0x08000110       0x40 c:/program files (x86)/gnu tools arm embedded/7 2017-q4-major/bin/../lib/gcc/arm-none-eabi/7.2.1/thumb/v7-m/crtbegin.o
 .text          0x08000150       0x10 c:/program files (x86)/gnu tools arm embedded/7 2017-q4-major/bin/../lib/gcc/arm-none-eabi/7.2.1/../../../../arm-none-eabi/lib/thumb/v7-m\libc_nano.a(lib_a-strlen.o)
                0x08000150                strlen
 .text          0x08000160      0x378 c:/program files (x86)/gnu tools arm embedded/7 2017-q4-major/bin/../lib/gcc/arm-none-eabi/7.2.1/thumb/v7-m\libgcc.a(_arm_addsubdf3.o)
                0x08000160                __aeabi_drsub
                0x08000168                __aeabi_dsub
                0x08000168                __subdf3
                0x0800016c                __aeabi_dadd
                0x0800016c                __adddf3
                0x080003e4                __floatunsidf
                0x080003e4                __aeabi_ui2d
                0x08000404                __floatsidf
                0x08000404                __aeabi_i2d
                0x08000428                __aeabi_f2d
                0x08000428                __extendsfdf2
                0x0800046c                __floatundidf
                0x0800046c                __aeabi_ul2d
                0x0800047c                __floatdidf
                0x0800047c                __aeabi_l2d
 .text          0x080004d8      0x424 c:/program files (x86)/gnu tools arm embedded/7 2017-q4-major/bin/../lib/gcc/arm-none-eabi/7.2.1/thumb/v7-m\libgcc.a(_arm_muldivdf3.o)
                0x080004d8                __aeabi_dmul
                0x080004d8                __muldf3
                0x0800072c                __divdf3
                0x0800072c                __aeabi_ddiv
 .text          0x080008fc      0x110 c:/program files (x86)/gnu tools arm embedded/7 2017-q4-major/bin/../lib/gcc/arm-none-eabi/7.2.1/thumb/v7-m\libgcc.a(_arm_cmpdf2.o)
                0x080008fc                __gtdf2
                0x080008fc                __gedf2
                0x08000904                __ltdf2
                0x08000904                __ledf2
                0x0800090c                __nedf2
                0x0800090c                __eqdf2
                0x0800090c                __cmpdf2
                0x08000988                __aeabi_cdrcmple
                0x08000998                __aeabi_cdcmpeq
                0x08000998                __aeabi_cdcmple
                0x080009a8                __aeabi_dcmpeq
                0x080009bc                __aeabi_dcmplt
                0x080009d0                __aeabi_dcmple
                0x080009e4                __aeabi_dcmpge
                0x080009f8                __aeabi_dcmpgt
 .text          0x08000a0c       0x2c c:/program files (x86)/gnu tools arm embedded/7 2017-q4-major/bin/../lib/gcc/arm-none-eabi/7.2.1/thumb/v7-m\libgcc.a(_arm_unorddf2.o)
                0x08000a0c                __unorddf2
                0x08000a0c                __aeabi_dcmpun
 .text          0x08000a38       0x50 c:/program files (x86)/gnu tools arm embedded/7 2017-q4-major/bin/../lib/gcc/arm-none-eabi/7.2.1/thumb/v7-m\libgcc.a(_arm_fixdfsi.o)
                0x08000a38                __aeabi_d2iz
                0x08000a38                __fixdfsi
 .text          0x08000a88       0x40 c:/program files (x86)/gnu tools arm embedded/7 2017-q4-major/bin/../lib/gcc/arm-none-eabi/7.2.1/thumb/v7-m\libgcc.a(_arm_fixunsdfsi.o)
                0x08000a88                __aeabi_d2uiz
                0x08000a88                __fixunsdfsi
 .text          0x08000ac8       0xa0 c:/program files (x86)/gnu tools arm embedded/7 2017-q4-major/bin/../lib/gcc/arm-none-eabi/7.2.1/thumb/v7-m\libgcc.a(_arm_truncdfsf2.o)
                0x08000ac8                __truncdfsf2
                0x08000ac8                __aeabi_d2f
 .text          0x08000b68      0x21c c:/program files (x86)/gnu tools arm embedded/7 2017-q4-major/bin/../lib/gcc/arm-none-eabi/7.2.1/thumb/v7-m\libgcc.a(_arm_addsubsf3.o)
                0x08000b68                __aeabi_frsub
                0x08000b70                __subsf3
                0x08000b70                __aeabi_fsub
                0x08000b74                __aeabi_fadd
                0x08000b74                __addsf3
                0x08000cd4                __aeabi_ui2f
                0x08000cd4                __floatunsisf
                0x08000cdc                __aeabi_i2f
                0x08000cdc                __floatsisf
                0x08000cf8                __aeabi_ul2f
                0x08000cf8                __floatundisf
                0x08000d08                __aeabi_l2f
                0x08000d08                __floatdisf
 .text          0x08000d84      0x2a0 c:/program files (x86)/gnu tools arm embedded/7 2017-q4-major/bin/../lib/gcc/arm-none-eabi/7.2.1/thumb/v7-m\libgcc.a(_arm_muldivsf3.o)
                0x08000d84                __mulsf3
                0x08000d84                __aeabi_fmul
                0x08000eec                __aeabi_fdiv
                0x08000eec                __divsf3
 .text          0x08001024       0x30 c:/program files (x86)/gnu tools arm embedded/7 2017-q4-major/bin/../lib/gcc/arm-none-eabi/7.2.1/thumb/v7-m\libgcc.a(_aeabi_uldivmod.o)
                0x08001024                __aeabi_uldivmod
 .text          0x08001054      0x2d0 c:/program files (x86)/gnu tools arm embedded/7 2017-q4-major/bin/../lib/gcc/arm-none-eabi/7.2.1/thumb/v7-m\libgcc.a(_udivmoddi4.o)
                0x08001054                __udivmoddi4
 .text          0x08001324        0x4 c:/program files (x86)/gnu tools arm embedded/7 2017-q4-major/bin/../lib/gcc/arm-none-eabi/7.2.1/thumb/v7-m\libgcc.a(_dvmd_tls.o)
                0x08001324                __aeabi_idiv0
                0x08001324                __aeabi_ldiv0
 *(.text*)
 .text.HAL_SPI_Init
                0x08001328       0x82 build/stm32f1xx_hal_spi_ex.o
                0x08001328                HAL_SPI_Init
 *fill*         0x080013aa        0x2 
 .text.MX_GPIO_Init
                0x080013ac       0xf0 build/main.o
 .text.MCP3202_GetData
                0x0800149c       0x48 build/main.o
                0x0800149c                MCP3202_GetData
 .text.OLED_SPI_Transmit
                0x080014e4       0x14 build/main.o
                0x080014e4                OLED_SPI_Transmit
 .text.pow2     0x080014f8        0xa build/main.o
                0x080014f8                pow2
 .text.VecDistance
                0x08001502       0x30 build/main.o
                0x08001502                VecDistance
 *fill*         0x08001532        0x2 
 .text.FTRender
                0x08001534       0xc4 build/main.o
                0x08001534                FTRender
 .text._Error_Handler
                0x080015f8        0x2 build/main.o
                0x080015f8                _Error_Handler
 *fill*         0x080015fa        0x2 
 .text.MX_SPI1_Init
                0x080015fc       0x4c build/main.o
 .text.MX_SPI2_Init
                0x08001648       0x4c build/main.o
 .text.SystemClock_Config
                0x08001694       0x88 build/main.o
                0x08001694                SystemClock_Config
 .text.main     0x0800171c      0x6e8 build/main.o
                0x0800171c                main
 .text.ComplexMake
                0x08001e04        0x6 build/MyMath.o
                0x08001e04                ComplexMake
 .text.cAbsolute
                0x08001e0a       0x34 build/MyMath.o
                0x08001e0a                cAbsolute
 .text.cAdd     0x08001e3e       0x38 build/MyMath.o
                0x08001e3e                cAdd
 .text.cSubtract
                0x08001e76       0x38 build/MyMath.o
                0x08001e76                cSubtract
 .text.cMultiply
                0x08001eae       0x6a build/MyMath.o
                0x08001eae                cMultiply
 .text.cDivide  0x08001f18       0xc4 build/MyMath.o
                0x08001f18                cDivide
 .text.cPolarToComplex
                0x08001fdc       0x62 build/MyMath.o
                0x08001fdc                cPolarToComplex
 .text.vecAlloc
                0x0800203e       0x20 build/MyMath.o
                0x0800203e                vecAlloc
 .text.vecRelease
                0x0800205e       0x1a build/MyMath.o
                0x0800205e                vecRelease
 .text.vdivScalar
                0x08002078       0x5a build/MyMath.o
                0x08002078                vdivScalar
 .text.reverse  0x080020d2       0x8a build/MyMath.o
                0x080020d2                reverse
 .text.permutate
                0x0800215c       0x4a build/MyMath.o
                0x0800215c                permutate
 *fill*         0x080021a6        0x2 
 .text.compute  0x080021a8      0x170 build/MyMath.o
                0x080021a8                compute
 .text.computeFFT
                0x08002318       0x10 build/MyMath.o
                0x08002318                computeFFT
 .text.fft      0x08002328       0xcc build/MyMath.o
                0x08002328                fft
 .text.SetRESPin
                0x080023f4       0x14 build/MyOLED.o
                0x080023f4                SetRESPin
 .text.SetDCPin
                0x08002408       0x14 build/MyOLED.o
                0x08002408                SetDCPin
 .text.SetSSPin
                0x0800241c       0x14 build/MyOLED.o
                0x0800241c                SetSSPin
 .text.Setpinstate
                0x08002430       0x90 build/MyOLED.o
                0x08002430                Setpinstate
 .text.sendSPI  0x080024c0       0x2e build/MyOLED.o
                0x080024c0                sendSPI
 .text.send2SPI
                0x080024ee       0x42 build/MyOLED.o
                0x080024ee                send2SPI
 .text.ShowBuffer
                0x08002530       0x48 build/MyOLED.o
                0x08002530                ShowBuffer
 .text.ClearBuffer
                0x08002578       0x28 build/MyOLED.o
                0x08002578                ClearBuffer
 .text.OLEDinit
                0x080025a0       0x7c build/MyOLED.o
                0x080025a0                OLEDinit
 .text.CharToNum
                0x0800261c       0x30 build/MyOLED.o
                0x0800261c                CharToNum
 .text.NoShowDrawDot
                0x0800264c       0x4c build/MyOLED.o
                0x0800264c                NoShowDrawDot
 .text.NoShowDrawLine
                0x08002698       0x9a build/MyOLED.o
                0x08002698                NoShowDrawLine
 *fill*         0x08002732        0x2 
 .text.NoShowDrawNum
                0x08002734      0x16c build/MyOLED.o
                0x08002734                NoShowDrawNum
 .text.NoShowDrawChar
                0x080028a0       0xcc build/MyOLED.o
                0x080028a0                NoShowDrawChar
 .text.NoShowDrawString
                0x0800296c       0x38 build/MyOLED.o
                0x0800296c                NoShowDrawString
 .text.NoShowDrawAreaW
                0x080029a4       0x3a build/MyOLED.o
                0x080029a4                NoShowDrawAreaW
 .text.NoShowDrawNumStr
                0x080029de       0x7e build/MyOLED.o
                0x080029de                NoShowDrawNumStr
 .text.NoShowDrawPicture
                0x08002a5c       0xe4 build/MyOLED.o
                0x08002a5c                NoShowDrawPicture
 .text.HAL_MspInit
                0x08002b40       0x94 build/stm32f1xx_hal_msp.o
                0x08002b40                HAL_MspInit
 .text.HAL_SPI_MspInit
                0x08002bd4       0x94 build/stm32f1xx_hal_msp.o
                0x08002bd4                HAL_SPI_MspInit
 .text.HAL_NVIC_SetPriorityGrouping
                0x08002c68       0x24 build/stm32f1xx_hal_cortex.o
                0x08002c68                HAL_NVIC_SetPriorityGrouping
 .text.HAL_NVIC_SetPriority
                0x08002c8c       0x68 build/stm32f1xx_hal_cortex.o
                0x08002c8c                HAL_NVIC_SetPriority
 .text.HAL_SYSTICK_Config
                0x08002cf4       0x2c build/stm32f1xx_hal_cortex.o
                0x08002cf4                HAL_SYSTICK_Config
 .text.HAL_SYSTICK_CLKSourceConfig
                0x08002d20       0x20 build/stm32f1xx_hal_cortex.o
                0x08002d20                HAL_SYSTICK_CLKSourceConfig
 .text.HAL_SYSTICK_Callback
                0x08002d40        0x2 build/stm32f1xx_hal_cortex.o
                0x08002d40                HAL_SYSTICK_Callback
 .text.HAL_SYSTICK_IRQHandler
                0x08002d42        0x8 build/stm32f1xx_hal_cortex.o
                0x08002d42                HAL_SYSTICK_IRQHandler
 *fill*         0x08002d4a        0x2 
 .text.HAL_GPIO_Init
                0x08002d4c      0x1d4 build/stm32f1xx_hal_gpio.o
                0x08002d4c                HAL_GPIO_Init
 .text.HAL_GPIO_WritePin
                0x08002f20        0xc build/stm32f1xx_hal_gpio.o
                0x08002f20                HAL_GPIO_WritePin
 .text.HAL_InitTick
                0x08002f2c       0x2c build/stm32f1xx_hal.o
                0x08002f2c                HAL_InitTick
 .text.HAL_Init
                0x08002f58       0x24 build/stm32f1xx_hal.o
                0x08002f58                HAL_Init
 .text.HAL_IncTick
                0x08002f7c       0x10 build/stm32f1xx_hal.o
                0x08002f7c                HAL_IncTick
 .text.HAL_GetTick
                0x08002f8c        0xc build/stm32f1xx_hal.o
                0x08002f8c                HAL_GetTick
 .text.HAL_Delay
                0x08002f98       0x24 build/stm32f1xx_hal.o
                0x08002f98                HAL_Delay
 .text.SystemInit
                0x08002fbc       0x4c build/system_stm32f1xx.o
                0x08002fbc                SystemInit
 .text.NMI_Handler
                0x08003008        0x2 build/stm32f1xx_it.o
                0x08003008                NMI_Handler
 .text.HardFault_Handler
                0x0800300a        0x2 build/stm32f1xx_it.o
                0x0800300a                HardFault_Handler
 .text.MemManage_Handler
                0x0800300c        0x2 build/stm32f1xx_it.o
                0x0800300c                MemManage_Handler
 .text.BusFault_Handler
                0x0800300e        0x2 build/stm32f1xx_it.o
                0x0800300e                BusFault_Handler
 .text.UsageFault_Handler
                0x08003010        0x2 build/stm32f1xx_it.o
                0x08003010                UsageFault_Handler
 .text.SVC_Handler
                0x08003012        0x2 build/stm32f1xx_it.o
                0x08003012                SVC_Handler
 .text.DebugMon_Handler
                0x08003014        0x2 build/stm32f1xx_it.o
                0x08003014                DebugMon_Handler
 .text.PendSV_Handler
                0x08003016        0x2 build/stm32f1xx_it.o
                0x08003016                PendSV_Handler
 .text.SysTick_Handler
                0x08003018        0xc build/stm32f1xx_it.o
                0x08003018                SysTick_Handler
 .text.SPI_WaitFlagStateUntilTimeout
                0x08003024       0x96 build/stm32f1xx_hal_spi.o
 .text.SPI_CheckFlag_BSY
                0x080030ba       0x28 build/stm32f1xx_hal_spi.o
 .text.HAL_SPI_Transmit
                0x080030e2      0x1a6 build/stm32f1xx_hal_spi.o
                0x080030e2                HAL_SPI_Transmit
 .text.HAL_SPI_TransmitReceive
                0x08003288      0x238 build/stm32f1xx_hal_spi.o
                0x08003288                HAL_SPI_TransmitReceive
 .text.RCC_Delay
                0x080034c0       0x2c build/stm32f1xx_hal_rcc.o
 .text.HAL_RCC_OscConfig
                0x080034ec      0x3dc build/stm32f1xx_hal_rcc.o
                0x080034ec                HAL_RCC_OscConfig
 .text.HAL_RCC_GetSysClockFreq
                0x080038c8       0x70 build/stm32f1xx_hal_rcc.o
                0x080038c8                HAL_RCC_GetSysClockFreq
 .text.HAL_RCC_ClockConfig
                0x08003938      0x178 build/stm32f1xx_hal_rcc.o
                0x08003938                HAL_RCC_ClockConfig
 .text.HAL_RCC_GetHCLKFreq
                0x08003ab0        0xc build/stm32f1xx_hal_rcc.o
                0x08003ab0                HAL_RCC_GetHCLKFreq
 .text.Reset_Handler
                0x08003abc       0x48 build/startup_stm32f103xb.o
                0x08003abc                Reset_Handler
 .text.Default_Handler
                0x08003b04        0x2 build/startup_stm32f103xb.o
                0x08003b04                RTC_Alarm_IRQHandler
                0x08003b04                EXTI2_IRQHandler
                0x08003b04                TIM1_CC_IRQHandler
                0x08003b04                PVD_IRQHandler
                0x08003b04                EXTI3_IRQHandler
                0x08003b04                EXTI0_IRQHandler
                0x08003b04                I2C2_EV_IRQHandler
                0x08003b04                ADC1_2_IRQHandler
                0x08003b04                SPI1_IRQHandler
                0x08003b04                TAMPER_IRQHandler
                0x08003b04                DMA1_Channel4_IRQHandler
                0x08003b04                USART3_IRQHandler
                0x08003b04                RTC_IRQHandler
                0x08003b04                DMA1_Channel7_IRQHandler
                0x08003b04                CAN1_RX1_IRQHandler
                0x08003b04                TIM4_IRQHandler
                0x08003b04                I2C1_EV_IRQHandler
                0x08003b04                DMA1_Channel6_IRQHandler
                0x08003b04                TIM3_IRQHandler
                0x08003b04                RCC_IRQHandler
                0x08003b04                TIM1_TRG_COM_IRQHandler
                0x08003b04                DMA1_Channel1_IRQHandler
                0x08003b04                Default_Handler
                0x08003b04                EXTI15_10_IRQHandler
                0x08003b04                EXTI9_5_IRQHandler
                0x08003b04                SPI2_IRQHandler
                0x08003b04                DMA1_Channel5_IRQHandler
                0x08003b04                EXTI4_IRQHandler
                0x08003b04                USB_LP_CAN1_RX0_IRQHandler
                0x08003b04                USB_HP_CAN1_TX_IRQHandler
                0x08003b04                DMA1_Channel3_IRQHandler
                0x08003b04                TIM1_UP_IRQHandler
                0x08003b04                WWDG_IRQHandler
                0x08003b04                TIM2_IRQHandler
                0x08003b04                TIM1_BRK_IRQHandler
                0x08003b04                EXTI1_IRQHandler
                0x08003b04                USART2_IRQHandler
                0x08003b04                I2C2_ER_IRQHandler
                0x08003b04                DMA1_Channel2_IRQHandler
                0x08003b04                CAN1_SCE_IRQHandler
                0x08003b04                FLASH_IRQHandler
                0x08003b04                USART1_IRQHandler
                0x08003b04                I2C1_ER_IRQHandler
                0x08003b04                USBWakeUp_IRQHandler
 *fill*         0x08003b06        0x2 
 .text.__assert_func
                0x08003b08       0x3c c:/program files (x86)/gnu tools arm embedded/7 2017-q4-major/bin/../lib/gcc/arm-none-eabi/7.2.1/../../../../arm-none-eabi/lib/thumb/v7-m\libc_nano.a(lib_a-assert.o)
                0x08003b08                __assert_func
 .text.calloc   0x08003b44       0x10 c:/program files (x86)/gnu tools arm embedded/7 2017-q4-major/bin/../lib/gcc/arm-none-eabi/7.2.1/../../../../arm-none-eabi/lib/thumb/v7-m\libc_nano.a(lib_a-calloc.o)
                0x08003b44                calloc
 .text.fprintf  0x08003b54       0x24 c:/program files (x86)/gnu tools arm embedded/7 2017-q4-major/bin/../lib/gcc/arm-none-eabi/7.2.1/../../../../arm-none-eabi/lib/thumb/v7-m\libc_nano.a(lib_a-fprintf.o)
                0x08003b54                fiprintf
                0x08003b54                fprintf
 .text.__libc_init_array
                0x08003b78       0x48 c:/program files (x86)/gnu tools arm embedded/7 2017-q4-major/bin/../lib/gcc/arm-none-eabi/7.2.1/../../../../arm-none-eabi/lib/thumb/v7-m\libc_nano.a(lib_a-init.o)
                0x08003b78                __libc_init_array
 .text.malloc   0x08003bc0       0x10 c:/program files (x86)/gnu tools arm embedded/7 2017-q4-major/bin/../lib/gcc/arm-none-eabi/7.2.1/../../../../arm-none-eabi/lib/thumb/v7-m\libc_nano.a(lib_a-malloc.o)
                0x08003bc0                malloc
 .text.free     0x08003bd0       0x10 c:/program files (x86)/gnu tools arm embedded/7 2017-q4-major/bin/../lib/gcc/arm-none-eabi/7.2.1/../../../../arm-none-eabi/lib/thumb/v7-m\libc_nano.a(lib_a-malloc.o)
                0x08003bd0                free
 .text.memset   0x08003be0       0x10 c:/program files (x86)/gnu tools arm embedded/7 2017-q4-major/bin/../lib/gcc/arm-none-eabi/7.2.1/../../../../arm-none-eabi/lib/thumb/v7-m\libc_nano.a(lib_a-memset.o)
                0x08003be0                memset
 .text._calloc_r
                0x08003bf0       0x1c c:/program files (x86)/gnu tools arm embedded/7 2017-q4-major/bin/../lib/gcc/arm-none-eabi/7.2.1/../../../../arm-none-eabi/lib/thumb/v7-m\libc_nano.a(lib_a-nano-callocr.o)
                0x08003bf0                _calloc_r
 .text._free_r  0x08003c0c       0x98 c:/program files (x86)/gnu tools arm embedded/7 2017-q4-major/bin/../lib/gcc/arm-none-eabi/7.2.1/../../../../arm-none-eabi/lib/thumb/v7-m\libc_nano.a(lib_a-nano-freer.o)
                0x08003c0c                _free_r
 .text._malloc_r
                0x08003ca4       0xb4 c:/program files (x86)/gnu tools arm embedded/7 2017-q4-major/bin/../lib/gcc/arm-none-eabi/7.2.1/../../../../arm-none-eabi/lib/thumb/v7-m\libc_nano.a(lib_a-nano-mallocr.o)
                0x08003ca4                _malloc_r
 .text.__sfputc_r
                0x08003d58       0x2a c:/program files (x86)/gnu tools arm embedded/7 2017-q4-major/bin/../lib/gcc/arm-none-eabi/7.2.1/../../../../arm-none-eabi/lib/thumb/v7-m\libc_nano.a(lib_a-nano-vfprintf.o)
 .text.__sfputs_r
                0x08003d82       0x24 c:/program files (x86)/gnu tools arm embedded/7 2017-q4-major/bin/../lib/gcc/arm-none-eabi/7.2.1/../../../../arm-none-eabi/lib/thumb/v7-m\libc_nano.a(lib_a-nano-vfprintf.o)
                0x08003d82                __sfputs_r
 *fill*         0x08003da6        0x2 
 .text._vfprintf_r
                0x08003da8      0x228 c:/program files (x86)/gnu tools arm embedded/7 2017-q4-major/bin/../lib/gcc/arm-none-eabi/7.2.1/../../../../arm-none-eabi/lib/thumb/v7-m\libc_nano.a(lib_a-nano-vfprintf.o)
                0x08003da8                _vfprintf_r
                0x08003da8                _vfiprintf_r
 .text._printf_common
                0x08003fd0       0xec c:/program files (x86)/gnu tools arm embedded/7 2017-q4-major/bin/../lib/gcc/arm-none-eabi/7.2.1/../../../../arm-none-eabi/lib/thumb/v7-m\libc_nano.a(lib_a-nano-vfprintf_i.o)
                0x08003fd0                _printf_common
 .text._printf_i
                0x080040bc      0x224 c:/program files (x86)/gnu tools arm embedded/7 2017-q4-major/bin/../lib/gcc/arm-none-eabi/7.2.1/../../../../arm-none-eabi/lib/thumb/v7-m\libc_nano.a(lib_a-nano-vfprintf_i.o)
                0x080040bc                _printf_i
 .text._sbrk_r  0x080042e0       0x20 c:/program files (x86)/gnu tools arm embedded/7 2017-q4-major/bin/../lib/gcc/arm-none-eabi/7.2.1/../../../../arm-none-eabi/lib/thumb/v7-m\libc_nano.a(lib_a-sbrkr.o)
                0x080042e0                _sbrk_r
 .text.sprintf  0x08004300       0x40 c:/program files (x86)/gnu tools arm embedded/7 2017-q4-major/bin/../lib/gcc/arm-none-eabi/7.2.1/../../../../arm-none-eabi/lib/thumb/v7-m\libc_nano.a(lib_a-sprintf.o)
                0x08004300                siprintf
                0x08004300                sprintf
 .text.__swbuf_r
                0x08004340       0xa4 c:/program files (x86)/gnu tools arm embedded/7 2017-q4-major/bin/../lib/gcc/arm-none-eabi/7.2.1/../../../../arm-none-eabi/lib/thumb/v7-m\libc_nano.a(lib_a-wbuf.o)
                0x08004340                __swbuf_r
 .text.__swsetup_r
                0x080043e4       0xdc c:/program files (x86)/gnu tools arm embedded/7 2017-q4-major/bin/../lib/gcc/arm-none-eabi/7.2.1/../../../../arm-none-eabi/lib/thumb/v7-m\libc_nano.a(lib_a-wsetup.o)
                0x080043e4                __swsetup_r
 .text.abort    0x080044c0        0xe c:/program files (x86)/gnu tools arm embedded/7 2017-q4-major/bin/../lib/gcc/arm-none-eabi/7.2.1/../../../../arm-none-eabi/lib/thumb/v7-m\libc_nano.a(lib_a-abort.o)
                0x080044c0                abort
 *fill*         0x080044ce        0x2 
 .text.__sflush_r
                0x080044d0      0x10c c:/program files (x86)/gnu tools arm embedded/7 2017-q4-major/bin/../lib/gcc/arm-none-eabi/7.2.1/../../../../arm-none-eabi/lib/thumb/v7-m\libc_nano.a(lib_a-fflush.o)
                0x080044d0                __sflush_r
 .text._fflush_r
                0x080045dc       0x54 c:/program files (x86)/gnu tools arm embedded/7 2017-q4-major/bin/../lib/gcc/arm-none-eabi/7.2.1/../../../../arm-none-eabi/lib/thumb/v7-m\libc_nano.a(lib_a-fflush.o)
                0x080045dc                _fflush_r
 .text.std      0x08004630       0x48 c:/program files (x86)/gnu tools arm embedded/7 2017-q4-major/bin/../lib/gcc/arm-none-eabi/7.2.1/../../../../arm-none-eabi/lib/thumb/v7-m\libc_nano.a(lib_a-findfp.o)
 .text._cleanup_r
                0x08004678        0xc c:/program files (x86)/gnu tools arm embedded/7 2017-q4-major/bin/../lib/gcc/arm-none-eabi/7.2.1/../../../../arm-none-eabi/lib/thumb/v7-m\libc_nano.a(lib_a-findfp.o)
                0x08004678                _cleanup_r
 .text.__sfmoreglue
                0x08004684       0x2c c:/program files (x86)/gnu tools arm embedded/7 2017-q4-major/bin/../lib/gcc/arm-none-eabi/7.2.1/../../../../arm-none-eabi/lib/thumb/v7-m\libc_nano.a(lib_a-findfp.o)
                0x08004684                __sfmoreglue
 .text.__sinit  0x080046b0       0x60 c:/program files (x86)/gnu tools arm embedded/7 2017-q4-major/bin/../lib/gcc/arm-none-eabi/7.2.1/../../../../arm-none-eabi/lib/thumb/v7-m\libc_nano.a(lib_a-findfp.o)
                0x080046b0                __sinit
 .text.__sfp    0x08004710       0x78 c:/program files (x86)/gnu tools arm embedded/7 2017-q4-major/bin/../lib/gcc/arm-none-eabi/7.2.1/../../../../arm-none-eabi/lib/thumb/v7-m\libc_nano.a(lib_a-findfp.o)
                0x08004710                __sfp
 .text._fwalk_reent
                0x08004788       0x3c c:/program files (x86)/gnu tools arm embedded/7 2017-q4-major/bin/../lib/gcc/arm-none-eabi/7.2.1/../../../../arm-none-eabi/lib/thumb/v7-m\libc_nano.a(lib_a-fwalk.o)
                0x08004788                _fwalk_reent
 .text.__swhatbuf_r
                0x080047c4       0x48 c:/program files (x86)/gnu tools arm embedded/7 2017-q4-major/bin/../lib/gcc/arm-none-eabi/7.2.1/../../../../arm-none-eabi/lib/thumb/v7-m\libc_nano.a(lib_a-makebuf.o)
                0x080047c4                __swhatbuf_r
 .text.__smakebuf_r
                0x0800480c       0x80 c:/program files (x86)/gnu tools arm embedded/7 2017-q4-major/bin/../lib/gcc/arm-none-eabi/7.2.1/../../../../arm-none-eabi/lib/thumb/v7-m\libc_nano.a(lib_a-makebuf.o)
                0x0800480c                __smakebuf_r
 .text.memchr   0x0800488c       0x1c c:/program files (x86)/gnu tools arm embedded/7 2017-q4-major/bin/../lib/gcc/arm-none-eabi/7.2.1/../../../../arm-none-eabi/lib/thumb/v7-m\libc_nano.a(lib_a-memchr-stub.o)
                0x0800488c                memchr
 .text.memcpy   0x080048a8       0x16 c:/program files (x86)/gnu tools arm embedded/7 2017-q4-major/bin/../lib/gcc/arm-none-eabi/7.2.1/../../../../arm-none-eabi/lib/thumb/v7-m\libc_nano.a(lib_a-memcpy-stub.o)
                0x080048a8                memcpy
 .text.memmove  0x080048be       0x32 c:/program files (x86)/gnu tools arm embedded/7 2017-q4-major/bin/../lib/gcc/arm-none-eabi/7.2.1/../../../../arm-none-eabi/lib/thumb/v7-m\libc_nano.a(lib_a-memmove.o)
                0x080048be                memmove
 .text.__malloc_lock
                0x080048f0        0x2 c:/program files (x86)/gnu tools arm embedded/7 2017-q4-major/bin/../lib/gcc/arm-none-eabi/7.2.1/../../../../arm-none-eabi/lib/thumb/v7-m\libc_nano.a(lib_a-mlock.o)
                0x080048f0                __malloc_lock
 .text.__malloc_unlock
                0x080048f2        0x2 c:/program files (x86)/gnu tools arm embedded/7 2017-q4-major/bin/../lib/gcc/arm-none-eabi/7.2.1/../../../../arm-none-eabi/lib/thumb/v7-m\libc_nano.a(lib_a-mlock.o)
                0x080048f2                __malloc_unlock
 .text._realloc_r
                0x080048f4       0x4c c:/program files (x86)/gnu tools arm embedded/7 2017-q4-major/bin/../lib/gcc/arm-none-eabi/7.2.1/../../../../arm-none-eabi/lib/thumb/v7-m\libc_nano.a(lib_a-nano-reallocr.o)
                0x080048f4                _realloc_r
 .text.__ssputs_r
                0x08004940       0xb4 c:/program files (x86)/gnu tools arm embedded/7 2017-q4-major/bin/../lib/gcc/arm-none-eabi/7.2.1/../../../../arm-none-eabi/lib/thumb/v7-m\libc_nano.a(lib_a-nano-svfprintf.o)
                0x08004940                __ssputs_r
 .text._svfprintf_r
                0x080049f4      0x1ec c:/program files (x86)/gnu tools arm embedded/7 2017-q4-major/bin/../lib/gcc/arm-none-eabi/7.2.1/../../../../arm-none-eabi/lib/thumb/v7-m\libc_nano.a(lib_a-nano-svfprintf.o)
                0x080049f4                _svfiprintf_r
                0x080049f4                _svfprintf_r
 .text._raise_r
                0x08004be0       0x50 c:/program files (x86)/gnu tools arm embedded/7 2017-q4-major/bin/../lib/gcc/arm-none-eabi/7.2.1/../../../../arm-none-eabi/lib/thumb/v7-m\libc_nano.a(lib_a-signal.o)
                0x08004be0                _raise_r
 .text.raise    0x08004c30       0x10 c:/program files (x86)/gnu tools arm embedded/7 2017-q4-major/bin/../lib/gcc/arm-none-eabi/7.2.1/../../../../arm-none-eabi/lib/thumb/v7-m\libc_nano.a(lib_a-signal.o)
                0x08004c30                raise
 .text._kill_r  0x08004c40       0x24 c:/program files (x86)/gnu tools arm embedded/7 2017-q4-major/bin/../lib/gcc/arm-none-eabi/7.2.1/../../../../arm-none-eabi/lib/thumb/v7-m\libc_nano.a(lib_a-signalr.o)
                0x08004c40                _kill_r
 .text._getpid_r
                0x08004c64        0x4 c:/program files (x86)/gnu tools arm embedded/7 2017-q4-major/bin/../lib/gcc/arm-none-eabi/7.2.1/../../../../arm-none-eabi/lib/thumb/v7-m\libc_nano.a(lib_a-signalr.o)
                0x08004c64                _getpid_r
 .text.__sread  0x08004c68       0x22 c:/program files (x86)/gnu tools arm embedded/7 2017-q4-major/bin/../lib/gcc/arm-none-eabi/7.2.1/../../../../arm-none-eabi/lib/thumb/v7-m\libc_nano.a(lib_a-stdio.o)
                0x08004c68                __sread
 .text.__swrite
                0x08004c8a       0x38 c:/program files (x86)/gnu tools arm embedded/7 2017-q4-major/bin/../lib/gcc/arm-none-eabi/7.2.1/../../../../arm-none-eabi/lib/thumb/v7-m\libc_nano.a(lib_a-stdio.o)
                0x08004c8a                __swrite
 .text.__sseek  0x08004cc2       0x24 c:/program files (x86)/gnu tools arm embedded/7 2017-q4-major/bin/../lib/gcc/arm-none-eabi/7.2.1/../../../../arm-none-eabi/lib/thumb/v7-m\libc_nano.a(lib_a-stdio.o)
                0x08004cc2                __sseek
 .text.__sclose
                0x08004ce6        0x8 c:/program files (x86)/gnu tools arm embedded/7 2017-q4-major/bin/../lib/gcc/arm-none-eabi/7.2.1/../../../../arm-none-eabi/lib/thumb/v7-m\libc_nano.a(lib_a-stdio.o)
                0x08004ce6                __sclose
 *fill*         0x08004cee        0x2 
 .text._write_r
                0x08004cf0       0x24 c:/program files (x86)/gnu tools arm embedded/7 2017-q4-major/bin/../lib/gcc/arm-none-eabi/7.2.1/../../../../arm-none-eabi/lib/thumb/v7-m\libc_nano.a(lib_a-writer.o)
                0x08004cf0                _write_r
 .text._close_r
                0x08004d14       0x20 c:/program files (x86)/gnu tools arm embedded/7 2017-q4-major/bin/../lib/gcc/arm-none-eabi/7.2.1/../../../../arm-none-eabi/lib/thumb/v7-m\libc_nano.a(lib_a-closer.o)
                0x08004d14                _close_r
 .text._fstat_r
                0x08004d34       0x24 c:/program files (x86)/gnu tools arm embedded/7 2017-q4-major/bin/../lib/gcc/arm-none-eabi/7.2.1/../../../../arm-none-eabi/lib/thumb/v7-m\libc_nano.a(lib_a-fstatr.o)
                0x08004d34                _fstat_r
 .text._isatty_r
                0x08004d58       0x20 c:/program files (x86)/gnu tools arm embedded/7 2017-q4-major/bin/../lib/gcc/arm-none-eabi/7.2.1/../../../../arm-none-eabi/lib/thumb/v7-m\libc_nano.a(lib_a-isattyr.o)
                0x08004d58                _isatty_r
 .text._lseek_r
                0x08004d78       0x24 c:/program files (x86)/gnu tools arm embedded/7 2017-q4-major/bin/../lib/gcc/arm-none-eabi/7.2.1/../../../../arm-none-eabi/lib/thumb/v7-m\libc_nano.a(lib_a-lseekr.o)
                0x08004d78                _lseek_r
 .text._malloc_usable_size_r
                0x08004d9c       0x10 c:/program files (x86)/gnu tools arm embedded/7 2017-q4-major/bin/../lib/gcc/arm-none-eabi/7.2.1/../../../../arm-none-eabi/lib/thumb/v7-m\libc_nano.a(lib_a-nano-msizer.o)
                0x08004d9c                _malloc_usable_size_r
 .text._read_r  0x08004dac       0x24 c:/program files (x86)/gnu tools arm embedded/7 2017-q4-major/bin/../lib/gcc/arm-none-eabi/7.2.1/../../../../arm-none-eabi/lib/thumb/v7-m\libc_nano.a(lib_a-readr.o)
                0x08004dac                _read_r
 .text.cos      0x08004dd0       0x90 c:/program files (x86)/gnu tools arm embedded/7 2017-q4-major/bin/../lib/gcc/arm-none-eabi/7.2.1/../../../../arm-none-eabi/lib/thumb/v7-m\libm.a(lib_a-s_cos.o)
                0x08004dd0                cos
 .text.sin      0x08004e60       0x90 c:/program files (x86)/gnu tools arm embedded/7 2017-q4-major/bin/../lib/gcc/arm-none-eabi/7.2.1/../../../../arm-none-eabi/lib/thumb/v7-m\libm.a(lib_a-s_sin.o)
                0x08004e60                sin
 .text.log      0x08004ef0       0xfc c:/program files (x86)/gnu tools arm embedded/7 2017-q4-major/bin/../lib/gcc/arm-none-eabi/7.2.1/../../../../arm-none-eabi/lib/thumb/v7-m\libm.a(lib_a-w_log.o)
                0x08004ef0                log
 .text.sqrt     0x08004fec       0xbc c:/program files (x86)/gnu tools arm embedded/7 2017-q4-major/bin/../lib/gcc/arm-none-eabi/7.2.1/../../../../arm-none-eabi/lib/thumb/v7-m\libm.a(lib_a-w_sqrt.o)
                0x08004fec                sqrt
 .text.__ieee754_log
                0x080050a8      0x394 c:/program files (x86)/gnu tools arm embedded/7 2017-q4-major/bin/../lib/gcc/arm-none-eabi/7.2.1/../../../../arm-none-eabi/lib/thumb/v7-m\libm.a(lib_a-e_log.o)
                0x080050a8                __ieee754_log
 *fill*         0x0800543c        0x4 
 .text.__ieee754_rem_pio2
                0x08005440      0x43c c:/program files (x86)/gnu tools arm embedded/7 2017-q4-major/bin/../lib/gcc/arm-none-eabi/7.2.1/../../../../arm-none-eabi/lib/thumb/v7-m\libm.a(lib_a-e_rem_pio2.o)
                0x08005440                __ieee754_rem_pio2
 .text.__ieee754_sqrt
                0x0800587c      0x184 c:/program files (x86)/gnu tools arm embedded/7 2017-q4-major/bin/../lib/gcc/arm-none-eabi/7.2.1/../../../../arm-none-eabi/lib/thumb/v7-m\libm.a(lib_a-e_sqrt.o)
                0x0800587c                __ieee754_sqrt
 .text.__kernel_cos
                0x08005a00      0x248 c:/program files (x86)/gnu tools arm embedded/7 2017-q4-major/bin/../lib/gcc/arm-none-eabi/7.2.1/../../../../arm-none-eabi/lib/thumb/v7-m\libm.a(lib_a-k_cos.o)
                0x08005a00                __kernel_cos
 .text.__kernel_rem_pio2
                0x08005c48      0x850 c:/program files (x86)/gnu tools arm embedded/7 2017-q4-major/bin/../lib/gcc/arm-none-eabi/7.2.1/../../../../arm-none-eabi/lib/thumb/v7-m\libm.a(lib_a-k_rem_pio2.o)
                0x08005c48                __kernel_rem_pio2
 .text.__kernel_sin
                0x08006498      0x16c c:/program files (x86)/gnu tools arm embedded/7 2017-q4-major/bin/../lib/gcc/arm-none-eabi/7.2.1/../../../../arm-none-eabi/lib/thumb/v7-m\libm.a(lib_a-k_sin.o)
                0x08006498                __kernel_sin
 .text.fabs     0x08006604        0x8 c:/program files (x86)/gnu tools arm embedded/7 2017-q4-major/bin/../lib/gcc/arm-none-eabi/7.2.1/../../../../arm-none-eabi/lib/thumb/v7-m\libm.a(lib_a-s_fabs.o)
                0x08006604                fabs
 *fill*         0x0800660c        0x4 
 .text.floor    0x08006610      0x108 c:/program files (x86)/gnu tools arm embedded/7 2017-q4-major/bin/../lib/gcc/arm-none-eabi/7.2.1/../../../../arm-none-eabi/lib/thumb/v7-m\libm.a(lib_a-s_floor.o)
                0x08006610                floor
 .text.matherr  0x08006718        0x4 c:/program files (x86)/gnu tools arm embedded/7 2017-q4-major/bin/../lib/gcc/arm-none-eabi/7.2.1/../../../../arm-none-eabi/lib/thumb/v7-m\libm.a(lib_a-s_matherr.o)
                0x08006718                matherr
 .text.nan      0x0800671c        0xc c:/program files (x86)/gnu tools arm embedded/7 2017-q4-major/bin/../lib/gcc/arm-none-eabi/7.2.1/../../../../arm-none-eabi/lib/thumb/v7-m\libm.a(lib_a-s_nan.o)
                0x0800671c                nan
 .text.scalbn   0x08006728       0xe4 c:/program files (x86)/gnu tools arm embedded/7 2017-q4-major/bin/../lib/gcc/arm-none-eabi/7.2.1/../../../../arm-none-eabi/lib/thumb/v7-m\libm.a(lib_a-s_scalbn.o)
                0x08006728                scalbn
 .text.copysign
                0x0800680c       0x10 c:/program files (x86)/gnu tools arm embedded/7 2017-q4-major/bin/../lib/gcc/arm-none-eabi/7.2.1/../../../../arm-none-eabi/lib/thumb/v7-m\libm.a(lib_a-s_copysign.o)
                0x0800680c                copysign
 .text._close   0x0800681c       0x10 c:/program files (x86)/gnu tools arm embedded/7 2017-q4-major/bin/../lib/gcc/arm-none-eabi/7.2.1/../../../../arm-none-eabi/lib/thumb/v7-m\libnosys.a(close.o)
                0x0800681c                _close
 .text._fstat   0x0800682c       0x10 c:/program files (x86)/gnu tools arm embedded/7 2017-q4-major/bin/../lib/gcc/arm-none-eabi/7.2.1/../../../../arm-none-eabi/lib/thumb/v7-m\libnosys.a(fstat.o)
                0x0800682c                _fstat
 .text._getpid  0x0800683c       0x10 c:/program files (x86)/gnu tools arm embedded/7 2017-q4-major/bin/../lib/gcc/arm-none-eabi/7.2.1/../../../../arm-none-eabi/lib/thumb/v7-m\libnosys.a(getpid.o)
                0x0800683c                _getpid
 .text._isatty  0x0800684c       0x10 c:/program files (x86)/gnu tools arm embedded/7 2017-q4-major/bin/../lib/gcc/arm-none-eabi/7.2.1/../../../../arm-none-eabi/lib/thumb/v7-m\libnosys.a(isatty.o)
                0x0800684c                _isatty
 .text._kill    0x0800685c       0x10 c:/program files (x86)/gnu tools arm embedded/7 2017-q4-major/bin/../lib/gcc/arm-none-eabi/7.2.1/../../../../arm-none-eabi/lib/thumb/v7-m\libnosys.a(kill.o)
                0x0800685c                _kill
 .text._lseek   0x0800686c       0x10 c:/program files (x86)/gnu tools arm embedded/7 2017-q4-major/bin/../lib/gcc/arm-none-eabi/7.2.1/../../../../arm-none-eabi/lib/thumb/v7-m\libnosys.a(lseek.o)
                0x0800686c                _lseek
 .text._read    0x0800687c       0x10 c:/program files (x86)/gnu tools arm embedded/7 2017-q4-major/bin/../lib/gcc/arm-none-eabi/7.2.1/../../../../arm-none-eabi/lib/thumb/v7-m\libnosys.a(read.o)
                0x0800687c                _read
 .text._sbrk    0x0800688c       0x1c c:/program files (x86)/gnu tools arm embedded/7 2017-q4-major/bin/../lib/gcc/arm-none-eabi/7.2.1/../../../../arm-none-eabi/lib/thumb/v7-m\libnosys.a(sbrk.o)
                0x0800688c                _sbrk
 .text._write   0x080068a8       0x10 c:/program files (x86)/gnu tools arm embedded/7 2017-q4-major/bin/../lib/gcc/arm-none-eabi/7.2.1/../../../../arm-none-eabi/lib/thumb/v7-m\libnosys.a(write.o)
                0x080068a8                _write
 .text._exit    0x080068b8        0x4 c:/program files (x86)/gnu tools arm embedded/7 2017-q4-major/bin/../lib/gcc/arm-none-eabi/7.2.1/../../../../arm-none-eabi/lib/thumb/v7-m\libnosys.a(_exit.o)
                0x080068b8                _exit
 .text.__errno  0x080068bc        0xc c:/program files (x86)/gnu tools arm embedded/7 2017-q4-major/bin/../lib/gcc/arm-none-eabi/7.2.1/../../../../arm-none-eabi/lib/thumb/v7-m\libc_nano.a(lib_a-errno.o)
                0x080068bc                __errno
 *(.glue_7)
 .glue_7        0x080068c8        0x0 linker stubs
 *(.glue_7t)
 .glue_7t       0x080068c8        0x0 linker stubs
 *(.eh_frame)
 .eh_frame      0x080068c8        0x0 c:/program files (x86)/gnu tools arm embedded/7 2017-q4-major/bin/../lib/gcc/arm-none-eabi/7.2.1/thumb/v7-m/crtbegin.o
 *(.init)
 .init          0x080068c8        0x4 c:/program files (x86)/gnu tools arm embedded/7 2017-q4-major/bin/../lib/gcc/arm-none-eabi/7.2.1/thumb/v7-m/crti.o
                0x080068c8                _init
 .init          0x080068cc        0x8 c:/program files (x86)/gnu tools arm embedded/7 2017-q4-major/bin/../lib/gcc/arm-none-eabi/7.2.1/thumb/v7-m/crtn.o
 *(.fini)
 .fini          0x080068d4        0x4 c:/program files (x86)/gnu tools arm embedded/7 2017-q4-major/bin/../lib/gcc/arm-none-eabi/7.2.1/thumb/v7-m/crti.o
                0x080068d4                _fini
 .fini          0x080068d8        0x8 c:/program files (x86)/gnu tools arm embedded/7 2017-q4-major/bin/../lib/gcc/arm-none-eabi/7.2.1/thumb/v7-m/crtn.o
                0x080068e0                . = ALIGN (0x4)
                0x080068e0                _etext = .

.vfp11_veneer   0x080068e0        0x0
 .vfp11_veneer  0x080068e0        0x0 linker stubs

.v4_bx          0x080068e0        0x0
 .v4_bx         0x080068e0        0x0 linker stubs

.iplt           0x080068e0        0x0
 .iplt          0x080068e0        0x0 c:/program files (x86)/gnu tools arm embedded/7 2017-q4-major/bin/../lib/gcc/arm-none-eabi/7.2.1/thumb/v7-m/crtbegin.o

.rodata         0x080068e0      0xbc8
                0x080068e0                . = ALIGN (0x4)
 *(.rodata)
 .rodata        0x080068e0       0x12 build/stm32f1xx_hal_rcc.o
 *(.rodata*)
 *fill*         0x080068f2        0x2 
 .rodata.MX_SPI1_Init.str1.4
                0x080068f4        0xb build/main.o
 *fill*         0x080068ff        0x1 
 .rodata.main.str1.4
                0x08006900       0x64 build/main.o
 .rodata.__func__.7750
                0x08006964        0x8 build/MyMath.o
 .rodata.__func__.7845
                0x0800696c        0x4 build/MyMath.o
 .rodata.cDivide.str1.4
                0x08006970       0x11 build/MyMath.o
 *fill*         0x08006981        0x3 
 .rodata.dft.str1.4
                0x08006984       0x13 build/MyMath.o
 *fill*         0x08006997        0x1 
 .rodata.F6x8   0x08006998      0x228 build/MyOLED.o
                0x08006998                F6x8
 .rodata.F8X16  0x08006bc0      0x5f0 build/MyOLED.o
                0x08006bc0                F8X16
 .rodata.NumF3x5
                0x080071b0       0x30 build/MyOLED.o
                0x080071b0                NumF3x5
 .rodata.AHBPrescTable
                0x080071e0       0x10 build/system_stm32f1xx.o
                0x080071e0                AHBPrescTable
 .rodata.__assert_func.str1.1
                0x080071f0       0x3c c:/program files (x86)/gnu tools arm embedded/7 2017-q4-major/bin/../lib/gcc/arm-none-eabi/7.2.1/../../../../arm-none-eabi/lib/thumb/v7-m\libc_nano.a(lib_a-assert.o)
                                 0x3d (size before relaxing)
 .rodata._global_impure_ptr
                0x0800722c        0x4 c:/program files (x86)/gnu tools arm embedded/7 2017-q4-major/bin/../lib/gcc/arm-none-eabi/7.2.1/../../../../arm-none-eabi/lib/thumb/v7-m\libc_nano.a(lib_a-impure.o)
                0x0800722c                _global_impure_ptr
 .rodata._vfprintf_r.str1.1
                0x08007230       0x11 c:/program files (x86)/gnu tools arm embedded/7 2017-q4-major/bin/../lib/gcc/arm-none-eabi/7.2.1/../../../../arm-none-eabi/lib/thumb/v7-m\libc_nano.a(lib_a-nano-vfprintf.o)
 .rodata._printf_i.str1.1
                0x08007241       0x22 c:/program files (x86)/gnu tools arm embedded/7 2017-q4-major/bin/../lib/gcc/arm-none-eabi/7.2.1/../../../../arm-none-eabi/lib/thumb/v7-m\libc_nano.a(lib_a-nano-vfprintf_i.o)
 *fill*         0x08007263        0x1 
 .rodata.__sf_fake_stderr
                0x08007264       0x20 c:/program files (x86)/gnu tools arm embedded/7 2017-q4-major/bin/../lib/gcc/arm-none-eabi/7.2.1/../../../../arm-none-eabi/lib/thumb/v7-m\libc_nano.a(lib_a-findfp.o)
                0x08007264                __sf_fake_stderr
 .rodata.__sf_fake_stdin
                0x08007284       0x20 c:/program files (x86)/gnu tools arm embedded/7 2017-q4-major/bin/../lib/gcc/arm-none-eabi/7.2.1/../../../../arm-none-eabi/lib/thumb/v7-m\libc_nano.a(lib_a-findfp.o)
                0x08007284                __sf_fake_stdin
 .rodata.__sf_fake_stdout
                0x080072a4       0x20 c:/program files (x86)/gnu tools arm embedded/7 2017-q4-major/bin/../lib/gcc/arm-none-eabi/7.2.1/../../../../arm-none-eabi/lib/thumb/v7-m\libc_nano.a(lib_a-findfp.o)
                0x080072a4                __sf_fake_stdout
 .rodata._svfprintf_r.str1.1
                0x080072c4       0x11 c:/program files (x86)/gnu tools arm embedded/7 2017-q4-major/bin/../lib/gcc/arm-none-eabi/7.2.1/../../../../arm-none-eabi/lib/thumb/v7-m\libc_nano.a(lib_a-nano-svfprintf.o)
 .rodata.log.str1.4
                0x080072c4        0x4 c:/program files (x86)/gnu tools arm embedded/7 2017-q4-major/bin/../lib/gcc/arm-none-eabi/7.2.1/../../../../arm-none-eabi/lib/thumb/v7-m\libm.a(lib_a-w_log.o)
                                  0x5 (size before relaxing)
 .rodata.sqrt.str1.4
                0x080072c8        0x8 c:/program files (x86)/gnu tools arm embedded/7 2017-q4-major/bin/../lib/gcc/arm-none-eabi/7.2.1/../../../../arm-none-eabi/lib/thumb/v7-m\libm.a(lib_a-w_sqrt.o)
                                  0x5 (size before relaxing)
 .rodata.npio2_hw
                0x080072d0       0x80 c:/program files (x86)/gnu tools arm embedded/7 2017-q4-major/bin/../lib/gcc/arm-none-eabi/7.2.1/../../../../arm-none-eabi/lib/thumb/v7-m\libm.a(lib_a-e_rem_pio2.o)
 .rodata.two_over_pi
                0x08007350      0x108 c:/program files (x86)/gnu tools arm embedded/7 2017-q4-major/bin/../lib/gcc/arm-none-eabi/7.2.1/../../../../arm-none-eabi/lib/thumb/v7-m\libm.a(lib_a-e_rem_pio2.o)
 .rodata.PIo2   0x08007458       0x40 c:/program files (x86)/gnu tools arm embedded/7 2017-q4-major/bin/../lib/gcc/arm-none-eabi/7.2.1/../../../../arm-none-eabi/lib/thumb/v7-m\libm.a(lib_a-k_rem_pio2.o)
 .rodata.init_jk
                0x08007498       0x10 c:/program files (x86)/gnu tools arm embedded/7 2017-q4-major/bin/../lib/gcc/arm-none-eabi/7.2.1/../../../../arm-none-eabi/lib/thumb/v7-m\libm.a(lib_a-k_rem_pio2.o)
                0x080074a8                . = ALIGN (0x4)

.ARM.extab
 *(.ARM.extab* .gnu.linkonce.armextab.*)

.ARM            0x080074a8        0x8
                0x080074a8                __exidx_start = .
 *(.ARM.exidx*)
 .ARM.exidx     0x080074a8        0x8 c:/program files (x86)/gnu tools arm embedded/7 2017-q4-major/bin/../lib/gcc/arm-none-eabi/7.2.1/thumb/v7-m\libgcc.a(_udivmoddi4.o)
                0x080074b0                __exidx_end = .

.rel.dyn        0x080074b0        0x0
 .rel.iplt      0x080074b0        0x0 c:/program files (x86)/gnu tools arm embedded/7 2017-q4-major/bin/../lib/gcc/arm-none-eabi/7.2.1/thumb/v7-m/crtbegin.o

.preinit_array  0x080074b0        0x0
                0x080074b0                PROVIDE (__preinit_array_start, .)
 *(.preinit_array*)
                0x080074b0                PROVIDE (__preinit_array_end, .)

.init_array     0x080074b0        0x4
                0x080074b0                PROVIDE (__init_array_start, .)
 *(SORT_BY_NAME(.init_array.*))
 *(.init_array*)
 .init_array    0x080074b0        0x4 c:/program files (x86)/gnu tools arm embedded/7 2017-q4-major/bin/../lib/gcc/arm-none-eabi/7.2.1/thumb/v7-m/crtbegin.o
                0x080074b4                PROVIDE (__init_array_end, .)

.fini_array     0x080074b4        0x4
                [!provide]                PROVIDE (__fini_array_start, .)
 *(SORT_BY_NAME(.fini_array.*))
 *(.fini_array*)
 .fini_array    0x080074b4        0x4 c:/program files (x86)/gnu tools arm embedded/7 2017-q4-major/bin/../lib/gcc/arm-none-eabi/7.2.1/thumb/v7-m/crtbegin.o
                [!provide]                PROVIDE (__fini_array_end, .)
                0x080074b8                _sidata = LOADADDR (.data)

.data           0x20000000       0xe8 load address 0x080074b8
                0x20000000                . = ALIGN (0x4)
                0x20000000                _sdata = .
 *(.data)
 *(.data*)
 .data.AutoBuf  0x20000000        0x6 build/main.o
                0x20000000                AutoBuf
 *fill*         0x20000006        0x2 
 .data.Getdelaytime
                0x20000008        0x4 build/main.o
                0x20000008                Getdelaytime
 .data.HzBuf    0x2000000c        0x5 build/main.o
                0x2000000c                HzBuf
 *fill*         0x20000011        0x7 
 .data.Sensitivity
                0x20000018        0x8 build/main.o
                0x20000018                Sensitivity
 .data.StatusBarBuf
                0x20000020       0x38 build/main.o
                0x20000020                StatusBarBuf
 .data.bufflen  0x20000058        0x4 build/main.o
                0x20000058                bufflen
 .data.NumToBigCharStr
                0x2000005c       0x10 build/MyOLED.o
                0x2000005c                NumToBigCharStr
 .data.NumToSmallCharStr
                0x2000006c       0x10 build/MyOLED.o
                0x2000006c                NumToSmallCharStr
 .data.SystemCoreClock
                0x2000007c        0x4 build/system_stm32f1xx.o
                0x2000007c                SystemCoreClock
 .data._impure_ptr
                0x20000080        0x4 c:/program files (x86)/gnu tools arm embedded/7 2017-q4-major/bin/../lib/gcc/arm-none-eabi/7.2.1/../../../../arm-none-eabi/lib/thumb/v7-m\libc_nano.a(lib_a-impure.o)
                0x20000080                _impure_ptr
 .data.impure_data
                0x20000084       0x60 c:/program files (x86)/gnu tools arm embedded/7 2017-q4-major/bin/../lib/gcc/arm-none-eabi/7.2.1/../../../../arm-none-eabi/lib/thumb/v7-m\libc_nano.a(lib_a-impure.o)
 .data.__fdlib_version
                0x200000e4        0x1 c:/program files (x86)/gnu tools arm embedded/7 2017-q4-major/bin/../lib/gcc/arm-none-eabi/7.2.1/../../../../arm-none-eabi/lib/thumb/v7-m\libm.a(lib_a-s_lib_ver.o)
                0x200000e4                __fdlib_version
                0x200000e8                . = ALIGN (0x4)
 *fill*         0x200000e5        0x3 
                0x200000e8                _edata = .

.igot.plt       0x200000e8        0x0 load address 0x080075a0
 .igot.plt      0x200000e8        0x0 c:/program files (x86)/gnu tools arm embedded/7 2017-q4-major/bin/../lib/gcc/arm-none-eabi/7.2.1/thumb/v7-m/crtbegin.o
                0x200000e8                . = ALIGN (0x4)

.bss            0x200000e8      0xa4c load address 0x080075a0
                0x200000e8                _sbss = .
                0x200000e8                __bss_start__ = _sbss
 *(.bss)
 .bss           0x200000e8       0x1c c:/program files (x86)/gnu tools arm embedded/7 2017-q4-major/bin/../lib/gcc/arm-none-eabi/7.2.1/thumb/v7-m/crtbegin.o
 *(.bss*)
 .bss.AddDot    0x20000104        0x4 build/main.o
                0x20000104                AddDot
 .bss.Autorender
                0x20000108        0x4 build/main.o
                0x20000108                Autorender
 .bss.Button    0x2000010c       0x14 build/main.o
                0x2000010c                Button
 .bss.Delay     0x20000120        0x4 build/main.o
                0x20000120                Delay
 .bss.GetFTms   0x20000124        0x4 build/main.o
                0x20000124                GetFTms
 .bss.Getms     0x20000128        0x4 build/main.o
                0x20000128                Getms
 .bss.Str       0x2000012c       0xfa build/main.o
                0x2000012c                Str
 *fill*         0x20000226        0x2 
 .bss.displaymode
                0x20000228        0x4 build/main.o
                0x20000228                displaymode
 .bss.input     0x2000022c        0x4 build/main.o
                0x2000022c                input
 .bss.mode      0x20000230        0x4 build/main.o
                0x20000230                mode
 .bss.tick0     0x20000234        0x4 build/main.o
                0x20000234                tick0
 .bss.dcgpio    0x20000238        0x4 build/MyOLED.o
                0x20000238                dcgpio
 .bss.dcpin     0x2000023c        0x1 build/MyOLED.o
                0x2000023c                dcpin
 *fill*         0x2000023d        0x3 
 .bss.resgpio   0x20000240        0x4 build/MyOLED.o
                0x20000240                resgpio
 .bss.respin    0x20000244        0x1 build/MyOLED.o
                0x20000244                respin
 *fill*         0x20000245        0x3 
 .bss.ssgpio    0x20000248        0x4 build/MyOLED.o
                0x20000248                ssgpio
 .bss.sspin     0x2000024c        0x1 build/MyOLED.o
                0x2000024c                sspin
 *fill*         0x2000024d        0x3 
 .bss.__malloc_free_list
                0x20000250        0x4 c:/program files (x86)/gnu tools arm embedded/7 2017-q4-major/bin/../lib/gcc/arm-none-eabi/7.2.1/../../../../arm-none-eabi/lib/thumb/v7-m\libc_nano.a(lib_a-nano-mallocr.o)
                0x20000250                __malloc_free_list
 .bss.__malloc_sbrk_start
                0x20000254        0x4 c:/program files (x86)/gnu tools arm embedded/7 2017-q4-major/bin/../lib/gcc/arm-none-eabi/7.2.1/../../../../arm-none-eabi/lib/thumb/v7-m\libc_nano.a(lib_a-nano-mallocr.o)
                0x20000254                __malloc_sbrk_start
 .bss.heap_end.4102
                0x20000258        0x4 c:/program files (x86)/gnu tools arm embedded/7 2017-q4-major/bin/../lib/gcc/arm-none-eabi/7.2.1/../../../../arm-none-eabi/lib/thumb/v7-m\libnosys.a(sbrk.o)
 *(COMMON)
 COMMON         0x2000025c      0x4b0 build/main.o
                0x2000025c                hspi2
                0x200002b4                hspi1
                0x2000030c                Sample
 COMMON         0x2000070c      0x420 build/MyOLED.o
                0x2000070c                Dot_Data
 COMMON         0x20000b2c        0x4 build/stm32f1xx_hal.o
                0x20000b2c                uwTick
 COMMON         0x20000b30        0x4 c:/program files (x86)/gnu tools arm embedded/7 2017-q4-major/bin/../lib/gcc/arm-none-eabi/7.2.1/../../../../arm-none-eabi/lib/thumb/v7-m\libc_nano.a(lib_a-reent.o)
                0x20000b30                errno
                0x20000b34                . = ALIGN (0x4)
                0x20000b34                _ebss = .
                0x20000b34                __bss_end__ = _ebss

._user_heap_stack
                0x20000b34      0x604 load address 0x080075a0
                0x20000b38                . = ALIGN (0x8)
 *fill*         0x20000b34        0x4 
                0x20000b38                PROVIDE (end, .)
                [!provide]                PROVIDE (_end, .)
                0x20000d38                . = (. + _Min_Heap_Size)
 *fill*         0x20000b38      0x200 
                0x20001138                . = (. + _Min_Stack_Size)
 *fill*         0x20000d38      0x400 
                0x20001138                . = ALIGN (0x8)

/DISCARD/
 libc.a(*)
 libm.a(*)
 libgcc.a(*)

.ARM.attributes
                0x00000000       0x29
 *(.ARM.attributes)
 .ARM.attributes
                0x00000000       0x1d c:/program files (x86)/gnu tools arm embedded/7 2017-q4-major/bin/../lib/gcc/arm-none-eabi/7.2.1/thumb/v7-m/crti.o
 .ARM.attributes
                0x0000001d       0x2d c:/program files (x86)/gnu tools arm embedded/7 2017-q4-major/bin/../lib/gcc/arm-none-eabi/7.2.1/thumb/v7-m/crtbegin.o
 .ARM.attributes
                0x0000004a       0x33 build/stm32f1xx_hal_spi_ex.o
 .ARM.attributes
                0x0000007d       0x33 build/main.o
 .ARM.attributes
                0x000000b0       0x33 build/MyMath.o
 .ARM.attributes
                0x000000e3       0x33 build/MyOLED.o
 .ARM.attributes
                0x00000116       0x33 build/stm32f1xx_hal_msp.o
 .ARM.attributes
                0x00000149       0x33 build/stm32f1xx_hal_cortex.o
 .ARM.attributes
                0x0000017c       0x33 build/stm32f1xx_hal_gpio.o
 .ARM.attributes
                0x000001af       0x33 build/stm32f1xx_hal.o
 .ARM.attributes
                0x000001e2       0x33 build/system_stm32f1xx.o
 .ARM.attributes
                0x00000215       0x33 build/stm32f1xx_it.o
 .ARM.attributes
                0x00000248       0x33 build/stm32f1xx_hal_spi.o
 .ARM.attributes
                0x0000027b       0x33 build/stm32f1xx_hal_rcc.o
 .ARM.attributes
                0x000002ae       0x21 build/startup_stm32f103xb.o
 .ARM.attributes
                0x000002cf       0x2d c:/program files (x86)/gnu tools arm embedded/7 2017-q4-major/bin/../lib/gcc/arm-none-eabi/7.2.1/../../../../arm-none-eabi/lib/thumb/v7-m\libc_nano.a(lib_a-assert.o)
 .ARM.attributes
                0x000002fc       0x2d c:/program files (x86)/gnu tools arm embedded/7 2017-q4-major/bin/../lib/gcc/arm-none-eabi/7.2.1/../../../../arm-none-eabi/lib/thumb/v7-m\libc_nano.a(lib_a-calloc.o)
 .ARM.attributes
                0x00000329       0x2d c:/program files (x86)/gnu tools arm embedded/7 2017-q4-major/bin/../lib/gcc/arm-none-eabi/7.2.1/../../../../arm-none-eabi/lib/thumb/v7-m\libc_nano.a(lib_a-fprintf.o)
 .ARM.attributes
                0x00000356       0x2d c:/program files (x86)/gnu tools arm embedded/7 2017-q4-major/bin/../lib/gcc/arm-none-eabi/7.2.1/../../../../arm-none-eabi/lib/thumb/v7-m\libc_nano.a(lib_a-impure.o)
 .ARM.attributes
                0x00000383       0x2d c:/program files (x86)/gnu tools arm embedded/7 2017-q4-major/bin/../lib/gcc/arm-none-eabi/7.2.1/../../../../arm-none-eabi/lib/thumb/v7-m\libc_nano.a(lib_a-init.o)
 .ARM.attributes
                0x000003b0       0x2d c:/program files (x86)/gnu tools arm embedded/7 2017-q4-major/bin/../lib/gcc/arm-none-eabi/7.2.1/../../../../arm-none-eabi/lib/thumb/v7-m\libc_nano.a(lib_a-malloc.o)
 .ARM.attributes
                0x000003dd       0x2d c:/program files (x86)/gnu tools arm embedded/7 2017-q4-major/bin/../lib/gcc/arm-none-eabi/7.2.1/../../../../arm-none-eabi/lib/thumb/v7-m\libc_nano.a(lib_a-memset.o)
 .ARM.attributes
                0x0000040a       0x2d c:/program files (x86)/gnu tools arm embedded/7 2017-q4-major/bin/../lib/gcc/arm-none-eabi/7.2.1/../../../../arm-none-eabi/lib/thumb/v7-m\libc_nano.a(lib_a-nano-callocr.o)
 .ARM.attributes
                0x00000437       0x2d c:/program files (x86)/gnu tools arm embedded/7 2017-q4-major/bin/../lib/gcc/arm-none-eabi/7.2.1/../../../../arm-none-eabi/lib/thumb/v7-m\libc_nano.a(lib_a-nano-freer.o)
 .ARM.attributes
                0x00000464       0x2d c:/program files (x86)/gnu tools arm embedded/7 2017-q4-major/bin/../lib/gcc/arm-none-eabi/7.2.1/../../../../arm-none-eabi/lib/thumb/v7-m\libc_nano.a(lib_a-nano-mallocr.o)
 .ARM.attributes
                0x00000491       0x2d c:/program files (x86)/gnu tools arm embedded/7 2017-q4-major/bin/../lib/gcc/arm-none-eabi/7.2.1/../../../../arm-none-eabi/lib/thumb/v7-m\libc_nano.a(lib_a-nano-vfprintf.o)
 .ARM.attributes
                0x000004be       0x2d c:/program files (x86)/gnu tools arm embedded/7 2017-q4-major/bin/../lib/gcc/arm-none-eabi/7.2.1/../../../../arm-none-eabi/lib/thumb/v7-m\libc_nano.a(lib_a-nano-vfprintf_i.o)
 .ARM.attributes
                0x000004eb       0x2d c:/program files (x86)/gnu tools arm embedded/7 2017-q4-major/bin/../lib/gcc/arm-none-eabi/7.2.1/../../../../arm-none-eabi/lib/thumb/v7-m\libc_nano.a(lib_a-sbrkr.o)
 .ARM.attributes
                0x00000518       0x2d c:/program files (x86)/gnu tools arm embedded/7 2017-q4-major/bin/../lib/gcc/arm-none-eabi/7.2.1/../../../../arm-none-eabi/lib/thumb/v7-m\libc_nano.a(lib_a-sprintf.o)
 .ARM.attributes
                0x00000545       0x17 c:/program files (x86)/gnu tools arm embedded/7 2017-q4-major/bin/../lib/gcc/arm-none-eabi/7.2.1/../../../../arm-none-eabi/lib/thumb/v7-m\libc_nano.a(lib_a-strlen.o)
 .ARM.attributes
                0x0000055c       0x2d c:/program files (x86)/gnu tools arm embedded/7 2017-q4-major/bin/../lib/gcc/arm-none-eabi/7.2.1/../../../../arm-none-eabi/lib/thumb/v7-m\libc_nano.a(lib_a-wbuf.o)
 .ARM.attributes
                0x00000589       0x2d c:/program files (x86)/gnu tools arm embedded/7 2017-q4-major/bin/../lib/gcc/arm-none-eabi/7.2.1/../../../../arm-none-eabi/lib/thumb/v7-m\libc_nano.a(lib_a-wsetup.o)
 .ARM.attributes
                0x000005b6       0x2d c:/program files (x86)/gnu tools arm embedded/7 2017-q4-major/bin/../lib/gcc/arm-none-eabi/7.2.1/../../../../arm-none-eabi/lib/thumb/v7-m\libc_nano.a(lib_a-abort.o)
 .ARM.attributes
                0x000005e3       0x2d c:/program files (x86)/gnu tools arm embedded/7 2017-q4-major/bin/../lib/gcc/arm-none-eabi/7.2.1/../../../../arm-none-eabi/lib/thumb/v7-m\libc_nano.a(lib_a-fflush.o)
 .ARM.attributes
                0x00000610       0x2d c:/program files (x86)/gnu tools arm embedded/7 2017-q4-major/bin/../lib/gcc/arm-none-eabi/7.2.1/../../../../arm-none-eabi/lib/thumb/v7-m\libc_nano.a(lib_a-findfp.o)
 .ARM.attributes
                0x0000063d       0x2d c:/program files (x86)/gnu tools arm embedded/7 2017-q4-major/bin/../lib/gcc/arm-none-eabi/7.2.1/../../../../arm-none-eabi/lib/thumb/v7-m\libc_nano.a(lib_a-fwalk.o)
 .ARM.attributes
                0x0000066a       0x2d c:/program files (x86)/gnu tools arm embedded/7 2017-q4-major/bin/../lib/gcc/arm-none-eabi/7.2.1/../../../../arm-none-eabi/lib/thumb/v7-m\libc_nano.a(lib_a-makebuf.o)
 .ARM.attributes
                0x00000697       0x2d c:/program files (x86)/gnu tools arm embedded/7 2017-q4-major/bin/../lib/gcc/arm-none-eabi/7.2.1/../../../../arm-none-eabi/lib/thumb/v7-m\libc_nano.a(lib_a-memchr-stub.o)
 .ARM.attributes
                0x000006c4       0x2d c:/program files (x86)/gnu tools arm embedded/7 2017-q4-major/bin/../lib/gcc/arm-none-eabi/7.2.1/../../../../arm-none-eabi/lib/thumb/v7-m\libc_nano.a(lib_a-memcpy-stub.o)
 .ARM.attributes
                0x000006f1       0x2d c:/program files (x86)/gnu tools arm embedded/7 2017-q4-major/bin/../lib/gcc/arm-none-eabi/7.2.1/../../../../arm-none-eabi/lib/thumb/v7-m\libc_nano.a(lib_a-memmove.o)
 .ARM.attributes
                0x0000071e       0x2d c:/program files (x86)/gnu tools arm embedded/7 2017-q4-major/bin/../lib/gcc/arm-none-eabi/7.2.1/../../../../arm-none-eabi/lib/thumb/v7-m\libc_nano.a(lib_a-mlock.o)
 .ARM.attributes
                0x0000074b       0x2d c:/program files (x86)/gnu tools arm embedded/7 2017-q4-major/bin/../lib/gcc/arm-none-eabi/7.2.1/../../../../arm-none-eabi/lib/thumb/v7-m\libc_nano.a(lib_a-nano-reallocr.o)
 .ARM.attributes
                0x00000778       0x2d c:/program files (x86)/gnu tools arm embedded/7 2017-q4-major/bin/../lib/gcc/arm-none-eabi/7.2.1/../../../../arm-none-eabi/lib/thumb/v7-m\libc_nano.a(lib_a-nano-svfprintf.o)
 .ARM.attributes
                0x000007a5       0x2d c:/program files (x86)/gnu tools arm embedded/7 2017-q4-major/bin/../lib/gcc/arm-none-eabi/7.2.1/../../../../arm-none-eabi/lib/thumb/v7-m\libc_nano.a(lib_a-reent.o)
 .ARM.attributes
                0x000007d2       0x2d c:/program files (x86)/gnu tools arm embedded/7 2017-q4-major/bin/../lib/gcc/arm-none-eabi/7.2.1/../../../../arm-none-eabi/lib/thumb/v7-m\libc_nano.a(lib_a-signal.o)
 .ARM.attributes
                0x000007ff       0x2d c:/program files (x86)/gnu tools arm embedded/7 2017-q4-major/bin/../lib/gcc/arm-none-eabi/7.2.1/../../../../arm-none-eabi/lib/thumb/v7-m\libc_nano.a(lib_a-signalr.o)
 .ARM.attributes
                0x0000082c       0x2d c:/program files (x86)/gnu tools arm embedded/7 2017-q4-major/bin/../lib/gcc/arm-none-eabi/7.2.1/../../../../arm-none-eabi/lib/thumb/v7-m\libc_nano.a(lib_a-stdio.o)
 .ARM.attributes
                0x00000859       0x2d c:/program files (x86)/gnu tools arm embedded/7 2017-q4-major/bin/../lib/gcc/arm-none-eabi/7.2.1/../../../../arm-none-eabi/lib/thumb/v7-m\libc_nano.a(lib_a-writer.o)
 .ARM.attributes
                0x00000886       0x2d c:/program files (x86)/gnu tools arm embedded/7 2017-q4-major/bin/../lib/gcc/arm-none-eabi/7.2.1/../../../../arm-none-eabi/lib/thumb/v7-m\libc_nano.a(lib_a-closer.o)
 .ARM.attributes
                0x000008b3       0x2d c:/program files (x86)/gnu tools arm embedded/7 2017-q4-major/bin/../lib/gcc/arm-none-eabi/7.2.1/../../../../arm-none-eabi/lib/thumb/v7-m\libc_nano.a(lib_a-fstatr.o)
 .ARM.attributes
                0x000008e0       0x2d c:/program files (x86)/gnu tools arm embedded/7 2017-q4-major/bin/../lib/gcc/arm-none-eabi/7.2.1/../../../../arm-none-eabi/lib/thumb/v7-m\libc_nano.a(lib_a-isattyr.o)
 .ARM.attributes
                0x0000090d       0x2d c:/program files (x86)/gnu tools arm embedded/7 2017-q4-major/bin/../lib/gcc/arm-none-eabi/7.2.1/../../../../arm-none-eabi/lib/thumb/v7-m\libc_nano.a(lib_a-lseekr.o)
 .ARM.attributes
                0x0000093a       0x2d c:/program files (x86)/gnu tools arm embedded/7 2017-q4-major/bin/../lib/gcc/arm-none-eabi/7.2.1/../../../../arm-none-eabi/lib/thumb/v7-m\libc_nano.a(lib_a-nano-msizer.o)
 .ARM.attributes
                0x00000967       0x2d c:/program files (x86)/gnu tools arm embedded/7 2017-q4-major/bin/../lib/gcc/arm-none-eabi/7.2.1/../../../../arm-none-eabi/lib/thumb/v7-m\libc_nano.a(lib_a-readr.o)
 .ARM.attributes
                0x00000994       0x2d c:/program files (x86)/gnu tools arm embedded/7 2017-q4-major/bin/../lib/gcc/arm-none-eabi/7.2.1/../../../../arm-none-eabi/lib/thumb/v7-m\libm.a(lib_a-s_cos.o)
 .ARM.attributes
                0x000009c1       0x2d c:/program files (x86)/gnu tools arm embedded/7 2017-q4-major/bin/../lib/gcc/arm-none-eabi/7.2.1/../../../../arm-none-eabi/lib/thumb/v7-m\libm.a(lib_a-s_sin.o)
 .ARM.attributes
                0x000009ee       0x2d c:/program files (x86)/gnu tools arm embedded/7 2017-q4-major/bin/../lib/gcc/arm-none-eabi/7.2.1/../../../../arm-none-eabi/lib/thumb/v7-m\libm.a(lib_a-w_log.o)
 .ARM.attributes
                0x00000a1b       0x2d c:/program files (x86)/gnu tools arm embedded/7 2017-q4-major/bin/../lib/gcc/arm-none-eabi/7.2.1/../../../../arm-none-eabi/lib/thumb/v7-m\libm.a(lib_a-w_sqrt.o)
 .ARM.attributes
                0x00000a48       0x2d c:/program files (x86)/gnu tools arm embedded/7 2017-q4-major/bin/../lib/gcc/arm-none-eabi/7.2.1/../../../../arm-none-eabi/lib/thumb/v7-m\libm.a(lib_a-e_log.o)
 .ARM.attributes
                0x00000a75       0x2d c:/program files (x86)/gnu tools arm embedded/7 2017-q4-major/bin/../lib/gcc/arm-none-eabi/7.2.1/../../../../arm-none-eabi/lib/thumb/v7-m\libm.a(lib_a-e_rem_pio2.o)
 .ARM.attributes
                0x00000aa2       0x2d c:/program files (x86)/gnu tools arm embedded/7 2017-q4-major/bin/../lib/gcc/arm-none-eabi/7.2.1/../../../../arm-none-eabi/lib/thumb/v7-m\libm.a(lib_a-e_sqrt.o)
 .ARM.attributes
                0x00000acf       0x2d c:/program files (x86)/gnu tools arm embedded/7 2017-q4-major/bin/../lib/gcc/arm-none-eabi/7.2.1/../../../../arm-none-eabi/lib/thumb/v7-m\libm.a(lib_a-k_cos.o)
 .ARM.attributes
                0x00000afc       0x2d c:/program files (x86)/gnu tools arm embedded/7 2017-q4-major/bin/../lib/gcc/arm-none-eabi/7.2.1/../../../../arm-none-eabi/lib/thumb/v7-m\libm.a(lib_a-k_rem_pio2.o)
 .ARM.attributes
                0x00000b29       0x2d c:/program files (x86)/gnu tools arm embedded/7 2017-q4-major/bin/../lib/gcc/arm-none-eabi/7.2.1/../../../../arm-none-eabi/lib/thumb/v7-m\libm.a(lib_a-k_sin.o)
 .ARM.attributes
                0x00000b56       0x2d c:/program files (x86)/gnu tools arm embedded/7 2017-q4-major/bin/../lib/gcc/arm-none-eabi/7.2.1/../../../../arm-none-eabi/lib/thumb/v7-m\libm.a(lib_a-s_fabs.o)
 .ARM.attributes
                0x00000b83       0x2d c:/program files (x86)/gnu tools arm embedded/7 2017-q4-major/bin/../lib/gcc/arm-none-eabi/7.2.1/../../../../arm-none-eabi/lib/thumb/v7-m\libm.a(lib_a-s_floor.o)
 .ARM.attributes
                0x00000bb0       0x2d c:/program files (x86)/gnu tools arm embedded/7 2017-q4-major/bin/../lib/gcc/arm-none-eabi/7.2.1/../../../../arm-none-eabi/lib/thumb/v7-m\libm.a(lib_a-s_lib_ver.o)
 .ARM.attributes
                0x00000bdd       0x2d c:/program files (x86)/gnu tools arm embedded/7 2017-q4-major/bin/../lib/gcc/arm-none-eabi/7.2.1/../../../../arm-none-eabi/lib/thumb/v7-m\libm.a(lib_a-s_matherr.o)
 .ARM.attributes
                0x00000c0a       0x2d c:/program files (x86)/gnu tools arm embedded/7 2017-q4-major/bin/../lib/gcc/arm-none-eabi/7.2.1/../../../../arm-none-eabi/lib/thumb/v7-m\libm.a(lib_a-s_nan.o)
 .ARM.attributes
                0x00000c37       0x2d c:/program files (x86)/gnu tools arm embedded/7 2017-q4-major/bin/../lib/gcc/arm-none-eabi/7.2.1/../../../../arm-none-eabi/lib/thumb/v7-m\libm.a(lib_a-s_scalbn.o)
 .ARM.attributes
                0x00000c64       0x2d c:/program files (x86)/gnu tools arm embedded/7 2017-q4-major/bin/../lib/gcc/arm-none-eabi/7.2.1/../../../../arm-none-eabi/lib/thumb/v7-m\libm.a(lib_a-s_copysign.o)
 .ARM.attributes
                0x00000c91       0x2d c:/program files (x86)/gnu tools arm embedded/7 2017-q4-major/bin/../lib/gcc/arm-none-eabi/7.2.1/../../../../arm-none-eabi/lib/thumb/v7-m\libnosys.a(close.o)
 .ARM.attributes
                0x00000cbe       0x2d c:/program files (x86)/gnu tools arm embedded/7 2017-q4-major/bin/../lib/gcc/arm-none-eabi/7.2.1/../../../../arm-none-eabi/lib/thumb/v7-m\libnosys.a(fstat.o)
 .ARM.attributes
                0x00000ceb       0x2d c:/program files (x86)/gnu tools arm embedded/7 2017-q4-major/bin/../lib/gcc/arm-none-eabi/7.2.1/../../../../arm-none-eabi/lib/thumb/v7-m\libnosys.a(getpid.o)
 .ARM.attributes
                0x00000d18       0x2d c:/program files (x86)/gnu tools arm embedded/7 2017-q4-major/bin/../lib/gcc/arm-none-eabi/7.2.1/../../../../arm-none-eabi/lib/thumb/v7-m\libnosys.a(isatty.o)
 .ARM.attributes
                0x00000d45       0x2d c:/program files (x86)/gnu tools arm embedded/7 2017-q4-major/bin/../lib/gcc/arm-none-eabi/7.2.1/../../../../arm-none-eabi/lib/thumb/v7-m\libnosys.a(kill.o)
 .ARM.attributes
                0x00000d72       0x2d c:/program files (x86)/gnu tools arm embedded/7 2017-q4-major/bin/../lib/gcc/arm-none-eabi/7.2.1/../../../../arm-none-eabi/lib/thumb/v7-m\libnosys.a(lseek.o)
 .ARM.attributes
                0x00000d9f       0x2d c:/program files (x86)/gnu tools arm embedded/7 2017-q4-major/bin/../lib/gcc/arm-none-eabi/7.2.1/../../../../arm-none-eabi/lib/thumb/v7-m\libnosys.a(read.o)
 .ARM.attributes
                0x00000dcc       0x2d c:/program files (x86)/gnu tools arm embedded/7 2017-q4-major/bin/../lib/gcc/arm-none-eabi/7.2.1/../../../../arm-none-eabi/lib/thumb/v7-m\libnosys.a(sbrk.o)
 .ARM.attributes
                0x00000df9       0x2d c:/program files (x86)/gnu tools arm embedded/7 2017-q4-major/bin/../lib/gcc/arm-none-eabi/7.2.1/../../../../arm-none-eabi/lib/thumb/v7-m\libnosys.a(write.o)
 .ARM.attributes
                0x00000e26       0x2d c:/program files (x86)/gnu tools arm embedded/7 2017-q4-major/bin/../lib/gcc/arm-none-eabi/7.2.1/../../../../arm-none-eabi/lib/thumb/v7-m\libnosys.a(_exit.o)
 .ARM.attributes
                0x00000e53       0x1d c:/program files (x86)/gnu tools arm embedded/7 2017-q4-major/bin/../lib/gcc/arm-none-eabi/7.2.1/thumb/v7-m\libgcc.a(_arm_addsubdf3.o)
 .ARM.attributes
                0x00000e70       0x1d c:/program files (x86)/gnu tools arm embedded/7 2017-q4-major/bin/../lib/gcc/arm-none-eabi/7.2.1/thumb/v7-m\libgcc.a(_arm_muldivdf3.o)
 .ARM.attributes
                0x00000e8d       0x1d c:/program files (x86)/gnu tools arm embedded/7 2017-q4-major/bin/../lib/gcc/arm-none-eabi/7.2.1/thumb/v7-m\libgcc.a(_arm_cmpdf2.o)
 .ARM.attributes
                0x00000eaa       0x1d c:/program files (x86)/gnu tools arm embedded/7 2017-q4-major/bin/../lib/gcc/arm-none-eabi/7.2.1/thumb/v7-m\libgcc.a(_arm_unorddf2.o)
 .ARM.attributes
                0x00000ec7       0x1d c:/program files (x86)/gnu tools arm embedded/7 2017-q4-major/bin/../lib/gcc/arm-none-eabi/7.2.1/thumb/v7-m\libgcc.a(_arm_fixdfsi.o)
 .ARM.attributes
                0x00000ee4       0x1d c:/program files (x86)/gnu tools arm embedded/7 2017-q4-major/bin/../lib/gcc/arm-none-eabi/7.2.1/thumb/v7-m\libgcc.a(_arm_fixunsdfsi.o)
 .ARM.attributes
                0x00000f01       0x1d c:/program files (x86)/gnu tools arm embedded/7 2017-q4-major/bin/../lib/gcc/arm-none-eabi/7.2.1/thumb/v7-m\libgcc.a(_arm_truncdfsf2.o)
 .ARM.attributes
                0x00000f1e       0x1d c:/program files (x86)/gnu tools arm embedded/7 2017-q4-major/bin/../lib/gcc/arm-none-eabi/7.2.1/thumb/v7-m\libgcc.a(_arm_addsubsf3.o)
 .ARM.attributes
                0x00000f3b       0x1d c:/program files (x86)/gnu tools arm embedded/7 2017-q4-major/bin/../lib/gcc/arm-none-eabi/7.2.1/thumb/v7-m\libgcc.a(_arm_muldivsf3.o)
 .ARM.attributes
                0x00000f58       0x1d c:/program files (x86)/gnu tools arm embedded/7 2017-q4-major/bin/../lib/gcc/arm-none-eabi/7.2.1/thumb/v7-m\libgcc.a(_aeabi_uldivmod.o)
 .ARM.attributes
                0x00000f75       0x2d c:/program files (x86)/gnu tools arm embedded/7 2017-q4-major/bin/../lib/gcc/arm-none-eabi/7.2.1/thumb/v7-m\libgcc.a(_udivmoddi4.o)
 .ARM.attributes
                0x00000fa2       0x1d c:/program files (x86)/gnu tools arm embedded/7 2017-q4-major/bin/../lib/gcc/arm-none-eabi/7.2.1/thumb/v7-m\libgcc.a(_dvmd_tls.o)
 .ARM.attributes
                0x00000fbf       0x2d c:/program files (x86)/gnu tools arm embedded/7 2017-q4-major/bin/../lib/gcc/arm-none-eabi/7.2.1/../../../../arm-none-eabi/lib/thumb/v7-m\libc_nano.a(lib_a-errno.o)
 .ARM.attributes
                0x00000fec       0x1d c:/program files (x86)/gnu tools arm embedded/7 2017-q4-major/bin/../lib/gcc/arm-none-eabi/7.2.1/thumb/v7-m/crtn.o
OUTPUT(build/STM32F103C8T6_Microphone.elf elf32-littlearm)

.debug_info     0x00000000    0x10b40
 .debug_info    0x00000000      0xf8c build/stm32f1xx_hal_spi_ex.o
 .debug_info    0x00000f8c     0x232f build/main.o
 .debug_info    0x000032bb     0x1c7d build/MyMath.o
 .debug_info    0x00004f38     0x2208 build/MyOLED.o
 .debug_info    0x00007140     0x14b4 build/stm32f1xx_hal_msp.o
 .debug_info    0x000085f4     0x15fb build/stm32f1xx_hal_cortex.o
 .debug_info    0x00009bef      0xfd3 build/stm32f1xx_hal_gpio.o
 .debug_info    0x0000abc2     0x1056 build/stm32f1xx_hal.o
 .debug_info    0x0000bc18      0xd44 build/system_stm32f1xx.o
 .debug_info    0x0000c95c      0xb15 build/stm32f1xx_it.o
 .debug_info    0x0000d471     0x239e build/stm32f1xx_hal_spi.o
 .debug_info    0x0000f80f     0x130f build/stm32f1xx_hal_rcc.o
 .debug_info    0x00010b1e       0x22 build/startup_stm32f103xb.o

.debug_abbrev   0x00000000     0x2276
 .debug_abbrev  0x00000000      0x1eb build/stm32f1xx_hal_spi_ex.o
 .debug_abbrev  0x000001eb      0x38f build/main.o
 .debug_abbrev  0x0000057a      0x3b2 build/MyMath.o
 .debug_abbrev  0x0000092c      0x38b build/MyOLED.o
 .debug_abbrev  0x00000cb7      0x237 build/stm32f1xx_hal_msp.o
 .debug_abbrev  0x00000eee      0x3d3 build/stm32f1xx_hal_cortex.o
 .debug_abbrev  0x000012c1      0x2be build/stm32f1xx_hal_gpio.o
 .debug_abbrev  0x0000157f      0x2e3 build/stm32f1xx_hal.o
 .debug_abbrev  0x00001862      0x209 build/system_stm32f1xx.o
 .debug_abbrev  0x00001a6b      0x1c9 build/stm32f1xx_it.o
 .debug_abbrev  0x00001c34      0x311 build/stm32f1xx_hal_spi.o
 .debug_abbrev  0x00001f45      0x31f build/stm32f1xx_hal_rcc.o
 .debug_abbrev  0x00002264       0x12 build/startup_stm32f103xb.o

.debug_loc      0x00000000     0x697c
 .debug_loc     0x00000000       0x79 build/stm32f1xx_hal_spi_ex.o
 .debug_loc     0x00000079      0x37d build/main.o
 .debug_loc     0x000003f6     0x13f3 build/MyMath.o
 .debug_loc     0x000017e9     0x1cea build/MyOLED.o
 .debug_loc     0x000034d3      0x142 build/stm32f1xx_hal_msp.o
 .debug_loc     0x00003615      0x63d build/stm32f1xx_hal_cortex.o
 .debug_loc     0x00003c52      0x516 build/stm32f1xx_hal_gpio.o
 .debug_loc     0x00004168      0x101 build/stm32f1xx_hal.o
 .debug_loc     0x00004269       0xdf build/system_stm32f1xx.o
 .debug_loc     0x00004348       0x20 build/stm32f1xx_it.o
 .debug_loc     0x00004368     0x201c build/stm32f1xx_hal_spi.o
 .debug_loc     0x00006384      0x5f8 build/stm32f1xx_hal_rcc.o

.debug_aranges  0x00000000      0x768
 .debug_aranges
                0x00000000       0x20 build/stm32f1xx_hal_spi_ex.o
 .debug_aranges
                0x00000020       0x70 build/main.o
 .debug_aranges
                0x00000090      0x108 build/MyMath.o
 .debug_aranges
                0x00000198       0xf0 build/MyOLED.o
 .debug_aranges
                0x00000288       0x30 build/stm32f1xx_hal_msp.o
 .debug_aranges
                0x000002b8       0x90 build/stm32f1xx_hal_cortex.o
 .debug_aranges
                0x00000348       0x58 build/stm32f1xx_hal_gpio.o
 .debug_aranges
                0x000003a0       0xb8 build/stm32f1xx_hal.o
 .debug_aranges
                0x00000458       0x28 build/system_stm32f1xx.o
 .debug_aranges
                0x00000480       0x60 build/stm32f1xx_it.o
 .debug_aranges
                0x000004e0      0x1d0 build/stm32f1xx_hal_spi.o
 .debug_aranges
                0x000006b0       0x90 build/stm32f1xx_hal_rcc.o
 .debug_aranges
                0x00000740       0x28 build/startup_stm32f103xb.o

.debug_ranges   0x00000000      0xad0
 .debug_ranges  0x00000000       0x10 build/stm32f1xx_hal_spi_ex.o
 .debug_ranges  0x00000010       0x78 build/main.o
 .debug_ranges  0x00000088      0x280 build/MyMath.o
 .debug_ranges  0x00000308      0x2f0 build/MyOLED.o
 .debug_ranges  0x000005f8       0x20 build/stm32f1xx_hal_msp.o
 .debug_ranges  0x00000618       0xe0 build/stm32f1xx_hal_cortex.o
 .debug_ranges  0x000006f8       0x48 build/stm32f1xx_hal_gpio.o
 .debug_ranges  0x00000740       0xa8 build/stm32f1xx_hal.o
 .debug_ranges  0x000007e8       0x18 build/system_stm32f1xx.o
 .debug_ranges  0x00000800       0x50 build/stm32f1xx_it.o
 .debug_ranges  0x00000850      0x1c0 build/stm32f1xx_hal_spi.o
 .debug_ranges  0x00000a10       0xa0 build/stm32f1xx_hal_rcc.o
 .debug_ranges  0x00000ab0       0x20 build/startup_stm32f103xb.o

.debug_line     0x00000000     0x3ff5
 .debug_line    0x00000000      0x2c3 build/stm32f1xx_hal_spi_ex.o
 .debug_line    0x000002c3      0x5cb build/main.o
 .debug_line    0x0000088e      0x6a6 build/MyMath.o
 .debug_line    0x00000f34      0x96e build/MyOLED.o
 .debug_line    0x000018a2      0x30d build/stm32f1xx_hal_msp.o
 .debug_line    0x00001baf      0x40b build/stm32f1xx_hal_cortex.o
 .debug_line    0x00001fba      0x440 build/stm32f1xx_hal_gpio.o
 .debug_line    0x000023fa      0x3f5 build/stm32f1xx_hal.o
 .debug_line    0x000027ef      0x270 build/system_stm32f1xx.o
 .debug_line    0x00002a5f      0x2df build/stm32f1xx_it.o
 .debug_line    0x00002d3e      0xcb3 build/stm32f1xx_hal_spi.o
 .debug_line    0x000039f1      0x592 build/stm32f1xx_hal_rcc.o
 .debug_line    0x00003f83       0x72 build/startup_stm32f103xb.o

.debug_str      0x00000000     0x225d
 .debug_str     0x00000000      0x930 build/stm32f1xx_hal_spi_ex.o
                                0x9e7 (size before relaxing)
 .debug_str     0x00000930      0x7fc build/main.o
                               0x11c0 (size before relaxing)
 .debug_str     0x0000112c      0x172 build/MyMath.o
                                0x7e8 (size before relaxing)
 .debug_str     0x0000129e      0x1b4 build/MyOLED.o
                                0x8c1 (size before relaxing)
 .debug_str     0x00001452       0x91 build/stm32f1xx_hal_msp.o
                                0xd7c (size before relaxing)
 .debug_str     0x000014e3      0x2d5 build/stm32f1xx_hal_cortex.o
                                0xcbf (size before relaxing)
 .debug_str     0x000017b8      0x11e build/stm32f1xx_hal_gpio.o
                                0x82c (size before relaxing)
 .debug_str     0x000018d6      0x1cf build/stm32f1xx_hal.o
                                0xb5b (size before relaxing)
 .debug_str     0x00001aa5       0x4a build/system_stm32f1xx.o
                                0x695 (size before relaxing)
 .debug_str     0x00001aef       0xa3 build/stm32f1xx_it.o
                                0x66e (size before relaxing)
 .debug_str     0x00001b92      0x4d9 build/stm32f1xx_hal_spi.o
                                0xeff (size before relaxing)
 .debug_str     0x0000206b      0x1cd build/stm32f1xx_hal_rcc.o
                                0xa03 (size before relaxing)
 .debug_str     0x00002238       0x25 build/startup_stm32f103xb.o
                                 0x55 (size before relaxing)

.comment        0x00000000       0x7e
 .comment       0x00000000       0x7e build/stm32f1xx_hal_spi_ex.o
                                 0x7f (size before relaxing)
 .comment       0x0000007e       0x7f build/main.o
 .comment       0x0000007e       0x7f build/MyMath.o
 .comment       0x0000007e       0x7f build/MyOLED.o
 .comment       0x0000007e       0x7f build/stm32f1xx_hal_msp.o
 .comment       0x0000007e       0x7f build/stm32f1xx_hal_cortex.o
 .comment       0x0000007e       0x7f build/stm32f1xx_hal_gpio.o
 .comment       0x0000007e       0x7f build/stm32f1xx_hal.o
 .comment       0x0000007e       0x7f build/system_stm32f1xx.o
 .comment       0x0000007e       0x7f build/stm32f1xx_it.o
 .comment       0x0000007e       0x7f build/stm32f1xx_hal_spi.o
 .comment       0x0000007e       0x7f build/stm32f1xx_hal_rcc.o

.debug_frame    0x00000000     0x2a20
 .debug_frame   0x00000000       0x30 build/stm32f1xx_hal_spi_ex.o
 .debug_frame   0x00000030      0x170 build/main.o
 .debug_frame   0x000001a0      0x530 build/MyMath.o
 .debug_frame   0x000006d0      0x400 build/MyOLED.o
 .debug_frame   0x00000ad0       0x70 build/stm32f1xx_hal_msp.o
 .debug_frame   0x00000b40      0x13c build/stm32f1xx_hal_cortex.o
 .debug_frame   0x00000c7c       0xe8 build/stm32f1xx_hal_gpio.o
 .debug_frame   0x00000d64      0x188 build/stm32f1xx_hal.o
 .debug_frame   0x00000eec       0x30 build/system_stm32f1xx.o
 .debug_frame   0x00000f1c       0xac build/stm32f1xx_it.o
 .debug_frame   0x00000fc8      0x5fc build/stm32f1xx_hal_spi.o
 .debug_frame   0x000015c4      0x184 build/stm32f1xx_hal_rcc.o
 .debug_frame   0x00001748       0x40 c:/program files (x86)/gnu tools arm embedded/7 2017-q4-major/bin/../lib/gcc/arm-none-eabi/7.2.1/../../../../arm-none-eabi/lib/thumb/v7-m\libc_nano.a(lib_a-assert.o)
 .debug_frame   0x00001788       0x20 c:/program files (x86)/gnu tools arm embedded/7 2017-q4-major/bin/../lib/gcc/arm-none-eabi/7.2.1/../../../../arm-none-eabi/lib/thumb/v7-m\libc_nano.a(lib_a-calloc.o)
 .debug_frame   0x000017a8       0x64 c:/program files (x86)/gnu tools arm embedded/7 2017-q4-major/bin/../lib/gcc/arm-none-eabi/7.2.1/../../../../arm-none-eabi/lib/thumb/v7-m\libc_nano.a(lib_a-fprintf.o)
 .debug_frame   0x0000180c       0x2c c:/program files (x86)/gnu tools arm embedded/7 2017-q4-major/bin/../lib/gcc/arm-none-eabi/7.2.1/../../../../arm-none-eabi/lib/thumb/v7-m\libc_nano.a(lib_a-init.o)
 .debug_frame   0x00001838       0x30 c:/program files (x86)/gnu tools arm embedded/7 2017-q4-major/bin/../lib/gcc/arm-none-eabi/7.2.1/../../../../arm-none-eabi/lib/thumb/v7-m\libc_nano.a(lib_a-malloc.o)
 .debug_frame   0x00001868       0x20 c:/program files (x86)/gnu tools arm embedded/7 2017-q4-major/bin/../lib/gcc/arm-none-eabi/7.2.1/../../../../arm-none-eabi/lib/thumb/v7-m\libc_nano.a(lib_a-memset.o)
 .debug_frame   0x00001888       0x2c c:/program files (x86)/gnu tools arm embedded/7 2017-q4-major/bin/../lib/gcc/arm-none-eabi/7.2.1/../../../../arm-none-eabi/lib/thumb/v7-m\libc_nano.a(lib_a-nano-callocr.o)
 .debug_frame   0x000018b4       0x38 c:/program files (x86)/gnu tools arm embedded/7 2017-q4-major/bin/../lib/gcc/arm-none-eabi/7.2.1/../../../../arm-none-eabi/lib/thumb/v7-m\libc_nano.a(lib_a-nano-freer.o)
 .debug_frame   0x000018ec       0x2c c:/program files (x86)/gnu tools arm embedded/7 2017-q4-major/bin/../lib/gcc/arm-none-eabi/7.2.1/../../../../arm-none-eabi/lib/thumb/v7-m\libc_nano.a(lib_a-nano-mallocr.o)
 .debug_frame   0x00001918       0xac c:/program files (x86)/gnu tools arm embedded/7 2017-q4-major/bin/../lib/gcc/arm-none-eabi/7.2.1/../../../../arm-none-eabi/lib/thumb/v7-m\libc_nano.a(lib_a-nano-vfprintf.o)
 .debug_frame   0x000019c4       0x60 c:/program files (x86)/gnu tools arm embedded/7 2017-q4-major/bin/../lib/gcc/arm-none-eabi/7.2.1/../../../../arm-none-eabi/lib/thumb/v7-m\libc_nano.a(lib_a-nano-vfprintf_i.o)
 .debug_frame   0x00001a24       0x2c c:/program files (x86)/gnu tools arm embedded/7 2017-q4-major/bin/../lib/gcc/arm-none-eabi/7.2.1/../../../../arm-none-eabi/lib/thumb/v7-m\libc_nano.a(lib_a-sbrkr.o)
 .debug_frame   0x00001a50       0x6c c:/program files (x86)/gnu tools arm embedded/7 2017-q4-major/bin/../lib/gcc/arm-none-eabi/7.2.1/../../../../arm-none-eabi/lib/thumb/v7-m\libc_nano.a(lib_a-sprintf.o)
 .debug_frame   0x00001abc       0x40 c:/program files (x86)/gnu tools arm embedded/7 2017-q4-major/bin/../lib/gcc/arm-none-eabi/7.2.1/../../../../arm-none-eabi/lib/thumb/v7-m\libc_nano.a(lib_a-wbuf.o)
 .debug_frame   0x00001afc       0x2c c:/program files (x86)/gnu tools arm embedded/7 2017-q4-major/bin/../lib/gcc/arm-none-eabi/7.2.1/../../../../arm-none-eabi/lib/thumb/v7-m\libc_nano.a(lib_a-wsetup.o)
 .debug_frame   0x00001b28       0x28 c:/program files (x86)/gnu tools arm embedded/7 2017-q4-major/bin/../lib/gcc/arm-none-eabi/7.2.1/../../../../arm-none-eabi/lib/thumb/v7-m\libc_nano.a(lib_a-abort.o)
 .debug_frame   0x00001b50       0x68 c:/program files (x86)/gnu tools arm embedded/7 2017-q4-major/bin/../lib/gcc/arm-none-eabi/7.2.1/../../../../arm-none-eabi/lib/thumb/v7-m\libc_nano.a(lib_a-fflush.o)
 .debug_frame   0x00001bb8      0x11c c:/program files (x86)/gnu tools arm embedded/7 2017-q4-major/bin/../lib/gcc/arm-none-eabi/7.2.1/../../../../arm-none-eabi/lib/thumb/v7-m\libc_nano.a(lib_a-findfp.o)
 .debug_frame   0x00001cd4       0x54 c:/program files (x86)/gnu tools arm embedded/7 2017-q4-major/bin/../lib/gcc/arm-none-eabi/7.2.1/../../../../arm-none-eabi/lib/thumb/v7-m\libc_nano.a(lib_a-fwalk.o)
 .debug_frame   0x00001d28       0x58 c:/program files (x86)/gnu tools arm embedded/7 2017-q4-major/bin/../lib/gcc/arm-none-eabi/7.2.1/../../../../arm-none-eabi/lib/thumb/v7-m\libc_nano.a(lib_a-makebuf.o)
 .debug_frame   0x00001d80       0x28 c:/program files (x86)/gnu tools arm embedded/7 2017-q4-major/bin/../lib/gcc/arm-none-eabi/7.2.1/../../../../arm-none-eabi/lib/thumb/v7-m\libc_nano.a(lib_a-memchr-stub.o)
 .debug_frame   0x00001da8       0x28 c:/program files (x86)/gnu tools arm embedded/7 2017-q4-major/bin/../lib/gcc/arm-none-eabi/7.2.1/../../../../arm-none-eabi/lib/thumb/v7-m\libc_nano.a(lib_a-memcpy-stub.o)
 .debug_frame   0x00001dd0       0x28 c:/program files (x86)/gnu tools arm embedded/7 2017-q4-major/bin/../lib/gcc/arm-none-eabi/7.2.1/../../../../arm-none-eabi/lib/thumb/v7-m\libc_nano.a(lib_a-memmove.o)
 .debug_frame   0x00001df8       0x30 c:/program files (x86)/gnu tools arm embedded/7 2017-q4-major/bin/../lib/gcc/arm-none-eabi/7.2.1/../../../../arm-none-eabi/lib/thumb/v7-m\libc_nano.a(lib_a-mlock.o)
 .debug_frame   0x00001e28       0x3c c:/program files (x86)/gnu tools arm embedded/7 2017-q4-major/bin/../lib/gcc/arm-none-eabi/7.2.1/../../../../arm-none-eabi/lib/thumb/v7-m\libc_nano.a(lib_a-nano-reallocr.o)
 .debug_frame   0x00001e64       0x90 c:/program files (x86)/gnu tools arm embedded/7 2017-q4-major/bin/../lib/gcc/arm-none-eabi/7.2.1/../../../../arm-none-eabi/lib/thumb/v7-m\libc_nano.a(lib_a-nano-svfprintf.o)
 .debug_frame   0x00001ef4       0x5c c:/program files (x86)/gnu tools arm embedded/7 2017-q4-major/bin/../lib/gcc/arm-none-eabi/7.2.1/../../../../arm-none-eabi/lib/thumb/v7-m\libc_nano.a(lib_a-reent.o)
 .debug_frame   0x00001f50       0xcc c:/program files (x86)/gnu tools arm embedded/7 2017-q4-major/bin/../lib/gcc/arm-none-eabi/7.2.1/../../../../arm-none-eabi/lib/thumb/v7-m\libc_nano.a(lib_a-signal.o)
 .debug_frame   0x0000201c       0x3c c:/program files (x86)/gnu tools arm embedded/7 2017-q4-major/bin/../lib/gcc/arm-none-eabi/7.2.1/../../../../arm-none-eabi/lib/thumb/v7-m\libc_nano.a(lib_a-signalr.o)
 .debug_frame   0x00002058       0x88 c:/program files (x86)/gnu tools arm embedded/7 2017-q4-major/bin/../lib/gcc/arm-none-eabi/7.2.1/../../../../arm-none-eabi/lib/thumb/v7-m\libc_nano.a(lib_a-stdio.o)
 .debug_frame   0x000020e0       0x2c c:/program files (x86)/gnu tools arm embedded/7 2017-q4-major/bin/../lib/gcc/arm-none-eabi/7.2.1/../../../../arm-none-eabi/lib/thumb/v7-m\libc_nano.a(lib_a-writer.o)
 .debug_frame   0x0000210c       0x2c c:/program files (x86)/gnu tools arm embedded/7 2017-q4-major/bin/../lib/gcc/arm-none-eabi/7.2.1/../../../../arm-none-eabi/lib/thumb/v7-m\libc_nano.a(lib_a-closer.o)
 .debug_frame   0x00002138       0x2c c:/program files (x86)/gnu tools arm embedded/7 2017-q4-major/bin/../lib/gcc/arm-none-eabi/7.2.1/../../../../arm-none-eabi/lib/thumb/v7-m\libc_nano.a(lib_a-fstatr.o)
 .debug_frame   0x00002164       0x2c c:/program files (x86)/gnu tools arm embedded/7 2017-q4-major/bin/../lib/gcc/arm-none-eabi/7.2.1/../../../../arm-none-eabi/lib/thumb/v7-m\libc_nano.a(lib_a-isattyr.o)
 .debug_frame   0x00002190       0x2c c:/program files (x86)/gnu tools arm embedded/7 2017-q4-major/bin/../lib/gcc/arm-none-eabi/7.2.1/../../../../arm-none-eabi/lib/thumb/v7-m\libc_nano.a(lib_a-lseekr.o)
 .debug_frame   0x000021bc       0x20 c:/program files (x86)/gnu tools arm embedded/7 2017-q4-major/bin/../lib/gcc/arm-none-eabi/7.2.1/../../../../arm-none-eabi/lib/thumb/v7-m\libc_nano.a(lib_a-nano-msizer.o)